******************************************************************************
                  MSP430 Linker PC v4.4.3                      
******************************************************************************
>> Linked Fri Dec 18 22:51:13 2020

OUTPUT FILE NAME:   <Copy of LAB7.out>
ENTRY POINT SYMBOL: "_c_int00"  address: 000045f0


MEMORY CONFIGURATION

         name            origin    length      used     unused   attr    fill
----------------------  --------  ---------  --------  --------  ----  --------
  SFR                   00000000   00000010  00000000  00000010  RWIX
  PERIPHERALS_8BIT      00000010   000000f0  00000000  000000f0  RWIX
  PERIPHERALS_16BIT     00000100   00000100  00000000  00000100  RWIX
  INFOD                 00001800   00000080  00000000  00000080  RWIX
  INFOC                 00001880   00000080  00000000  00000080  RWIX
  INFOB                 00001900   00000080  00000000  00000080  RWIX
  INFOA                 00001980   00000080  00000000  00000080  RWIX
  RAM                   00002400   00002000  00000cc2  0000133e  RWIX
  FLASH                 00004400   0000bb80  00002fde  00008ba2  RWIX
  INT00                 0000ff80   00000002  00000002  00000000  RWIX
  INT01                 0000ff82   00000002  00000002  00000000  RWIX
  INT02                 0000ff84   00000002  00000002  00000000  RWIX
  INT03                 0000ff86   00000002  00000002  00000000  RWIX
  INT04                 0000ff88   00000002  00000002  00000000  RWIX
  INT05                 0000ff8a   00000002  00000002  00000000  RWIX
  INT06                 0000ff8c   00000002  00000002  00000000  RWIX
  INT07                 0000ff8e   00000002  00000002  00000000  RWIX
  INT08                 0000ff90   00000002  00000002  00000000  RWIX
  INT09                 0000ff92   00000002  00000002  00000000  RWIX
  INT10                 0000ff94   00000002  00000002  00000000  RWIX
  INT11                 0000ff96   00000002  00000002  00000000  RWIX
  INT12                 0000ff98   00000002  00000002  00000000  RWIX
  INT13                 0000ff9a   00000002  00000002  00000000  RWIX
  INT14                 0000ff9c   00000002  00000002  00000000  RWIX
  INT15                 0000ff9e   00000002  00000002  00000000  RWIX
  INT16                 0000ffa0   00000002  00000002  00000000  RWIX
  INT17                 0000ffa2   00000002  00000002  00000000  RWIX
  INT18                 0000ffa4   00000002  00000002  00000000  RWIX
  INT19                 0000ffa6   00000002  00000002  00000000  RWIX
  INT20                 0000ffa8   00000002  00000002  00000000  RWIX
  INT21                 0000ffaa   00000002  00000002  00000000  RWIX
  INT22                 0000ffac   00000002  00000002  00000000  RWIX
  INT23                 0000ffae   00000002  00000002  00000000  RWIX
  INT24                 0000ffb0   00000002  00000002  00000000  RWIX
  INT25                 0000ffb2   00000002  00000002  00000000  RWIX
  INT26                 0000ffb4   00000002  00000002  00000000  RWIX
  INT27                 0000ffb6   00000002  00000002  00000000  RWIX
  INT28                 0000ffb8   00000002  00000002  00000000  RWIX
  INT29                 0000ffba   00000002  00000002  00000000  RWIX
  INT30                 0000ffbc   00000002  00000002  00000000  RWIX
  INT31                 0000ffbe   00000002  00000002  00000000  RWIX
  INT32                 0000ffc0   00000002  00000002  00000000  RWIX
  INT33                 0000ffc2   00000002  00000002  00000000  RWIX
  INT34                 0000ffc4   00000002  00000002  00000000  RWIX
  INT35                 0000ffc6   00000002  00000002  00000000  RWIX
  INT36                 0000ffc8   00000002  00000002  00000000  RWIX
  INT37                 0000ffca   00000002  00000002  00000000  RWIX
  INT38                 0000ffcc   00000002  00000002  00000000  RWIX
  INT39                 0000ffce   00000002  00000002  00000000  RWIX
  INT40                 0000ffd0   00000002  00000002  00000000  RWIX
  INT41                 0000ffd2   00000002  00000002  00000000  RWIX
  INT42                 0000ffd4   00000002  00000002  00000000  RWIX
  INT43                 0000ffd6   00000002  00000002  00000000  RWIX
  INT44                 0000ffd8   00000002  00000002  00000000  RWIX
  INT45                 0000ffda   00000002  00000002  00000000  RWIX
  INT46                 0000ffdc   00000002  00000002  00000000  RWIX
  INT47                 0000ffde   00000002  00000002  00000000  RWIX
  INT48                 0000ffe0   00000002  00000002  00000000  RWIX
  INT49                 0000ffe2   00000002  00000002  00000000  RWIX
  INT50                 0000ffe4   00000002  00000002  00000000  RWIX
  INT51                 0000ffe6   00000002  00000002  00000000  RWIX
  INT52                 0000ffe8   00000002  00000002  00000000  RWIX
  INT53                 0000ffea   00000002  00000002  00000000  RWIX
  INT54                 0000ffec   00000002  00000002  00000000  RWIX
  INT55                 0000ffee   00000002  00000002  00000000  RWIX
  INT56                 0000fff0   00000002  00000002  00000000  RWIX
  INT57                 0000fff2   00000002  00000002  00000000  RWIX
  INT58                 0000fff4   00000002  00000002  00000000  RWIX
  INT59                 0000fff6   00000002  00000002  00000000  RWIX
  INT60                 0000fff8   00000002  00000002  00000000  RWIX
  INT61                 0000fffa   00000002  00000002  00000000  RWIX
  INT62                 0000fffc   00000002  00000002  00000000  RWIX
  RESET                 0000fffe   00000002  00000002  00000000  RWIX
  FLASH2                00010000   00014400  00000000  00014400  RWIX


SECTION ALLOCATION MAP

 output                                  attributes/
section   page    origin      length       input sections
--------  ----  ----------  ----------   ----------------
.bss       0    00002400    00000c22     UNINITIALIZED
                  00002400    00000614     MSP-EXP430F5529_UE.lib : MassStorageCommon.obj (.bss)
                  00002a14    00000346                            : HAL_Dogs102x6.obj (.bss)
                  00002d5a    000001d6                            : UsbMscScsi.obj (.bss)
                  00002f30    00000048                            : usb.obj (.bss)
                  00002f78    0000002e                            : UsbCdc.obj (.bss)
                  00002fa6    00000024                            : UsbHid.obj (.bss)
                  00002fca    0000001f     UsbMscUser.obj (.bss)
                  00002fe9    00000008     MSP-EXP430F5529_UE.lib : HAL_Cma3000.obj (.bss)
                  00002ff1    00000001                            : MassStorage.obj (.bss)
                  00002ff2    00000008                            : dma.obj (.bss)
                  00002ffa    00000008     rts430xl.lib : _lock.obj (.bss)
                  00003002    00000008                  : boot.obj (.bss)
                  0000300a    00000005     mouse.obj (.bss)
                  0000300f    00000001     MSP-EXP430F5529_UE.lib : UsbHidReq.obj (.bss)
                  00003010    00000004                            : HAL_Buttons.obj (.bss)
                  00003014    00000004                            : HAL_Wheel.obj (.bss)
                  00003018    00000003                            : mmc.obj (.bss)
                  0000301b    00000001     --HOLE--
                  0000301c    00000002                            : UsbMscReq.obj (.bss)
                  0000301e    00000002                            : UsbMscStateMachine.obj (.bss)
                  00003020    00000002     lab7.obj (.bss)

.stack     0    00004360    000000a0     UNINITIALIZED
                  00004360    00000004     rts430xl.lib : boot.obj (.stack)
                  00004364    0000009c     --HOLE--

.text:_isr 
*          0    00004400    00000274     
                  00004400    00000178     UsbIsr.obj (.text:_isr:iUsbInterruptHandler)
                  00004578    0000003c     MSP-EXP430F5529_UE.lib : HAL_Buttons.obj (.text:_isr:Port1_ISR)
                  000045b4    0000003c                            : HAL_Buttons.obj (.text:_isr:Port2_ISR)
                  000045f0    00000036     rts430xl.lib : boot.obj (.text:_isr:_c_int00)
                  00004626    0000001a     MSP-EXP430F5529_UE.lib : HAL_Buttons.obj (.text:_isr:WDT_ISR)
                  00004640    00000018     mouse.obj (.text:_isr:TIMER2_A0_ISR)
                  00004658    00000016     MSP-EXP430F5529_UE.lib : HAL_Wheel.obj (.text:_isr:ADC12_ISR)
                  0000466e    00000006     rts430xl.lib : isr_trap.obj (.text:_isr:__TI_ISR_TRAP)

.cinit     0    00004674    0000014c     
                  00004674    00000052     MSP-EXP430F5529_UE.lib : UsbMscScsi.obj (.cinit)
                  000046c6    00000036                            : HAL_Dogs102x6.obj (.cinit)
                  000046fc    00000025     UsbMscUser.obj (.cinit)
                  00004721    00000001     --HOLE-- [fill = 0]
                  00004722    00000021     MSP-EXP430F5529_UE.lib : UsbCdc.obj (.cinit)
                  00004743    00000001     --HOLE-- [fill = 0]
                  00004744    00000017                            : usb.obj (.cinit)
                  0000475b    00000001     --HOLE-- [fill = 0]
                  0000475c    00000011     mouse.obj (.cinit)
                  0000476d    00000001     --HOLE-- [fill = 0]
                  0000476e    00000010     MSP-EXP430F5529_UE.lib : HAL_Buttons.obj (.cinit)
                  0000477e    0000000f                            : MassStorageCommon.obj (.cinit)
                  0000478d    00000001     --HOLE-- [fill = 0]
                  0000478e    0000000f                            : mmc.obj (.cinit)
                  0000479d    00000001     --HOLE-- [fill = 0]
                  0000479e    00000008                            : UsbMscReq.obj (.cinit)
                  000047a6    00000008                            : UsbMscStateMachine.obj (.cinit)
                  000047ae    00000008     lab7.obj (.cinit)
                  000047b6    00000007     MSP-EXP430F5529_UE.lib : MassStorage.obj (.cinit)
                  000047bd    00000001     --HOLE-- [fill = 0]
                  000047be    00000002     (.pad.cinit) [fill = 0]

.const     0    00006ddc    00000602     
                  00006ddc    0000024c     MSP-EXP430F5529_UE.lib : HAL_Dogs102x6.obj (.const:FONT6x8)
                  00007028    0000015e     descriptors.obj (.const:tUsbRequestList)
                  00007186    000000f4     descriptors.obj (.const:.string:abromStringDescriptor)
                  0000727a    00000082     descriptors.obj (.const)
                  000072fc    00000048     mouse.obj (.const:.string)
                  00007344    00000034     descriptors.obj (.const:.string:abromReportDescriptor)
                  00007378    00000030     descriptors.obj (.const:stUsbHandle)
                  000073a8    00000012     MSP-EXP430F5529_UE.lib : MassStorage.obj (.const:.string)
                  000073ba    00000012     descriptors.obj (.const:.string:abromDeviceDescriptor)
                  000073cc    00000010     MSP-EXP430F5529_UE.lib : UsbMscScsi.obj (.const)
                  000073dc    00000002                            : MassStorageCommon.obj (.const)

.pinit     0    00004400    00000000     UNINITIALIZED

.text      0    000047c0    0000261c     
                  000047c0    0000019e     MSP-EXP430F5529_UE.lib : UsbMscScsi.obj (.text:MSCFromHostToBuffer)
                  0000495e    0000016e                            : UsbCdc.obj (.text:CdcToHostFromBuffer)
                  00004acc    0000016c                            : UsbHid.obj (.text:HidToHostFromBuffer)
                  00004c38    00000162                            : UsbMscScsi.obj (.text:MSCToHostFromBuffer)
                  00004d9a    0000015a                            : UsbHid.obj (.text:HidToBufferFromHost)
                  00004ef4    00000158                            : usb.obj (.text:USB_reset)
                  0000504c    00000130     rts430xl.lib : fs_add.obj (.text)
                  0000517c    0000012e     MSP-EXP430F5529_UE.lib : UsbCdc.obj (.text:CdcToBufferFromHost)
                  000052aa    000000e4                            : HAL_Board.obj (.text:Board_init)
                  0000538e    000000e4                            : HAL_UCS.obj (.text:Init_FLL)
                  00005472    000000ce                            : HAL_PMM.obj (.text:SetVCoreUp)
                  00005540    000000b6     rts430xl.lib : fs_mpy.obj (.text)
                  000055f6    000000a4     lab7.obj (.text:readDS18B20andDisplay)
                  0000569a    000000a2     LAB7main.obj (.text:main)
                  0000573c    0000009a     MSP-EXP430F5529_UE.lib : HAL_Cma3000.obj (.text:Cma3000_init)
                  000057d6    00000098                            : usb.obj (.text:usbDecodeAndProcessUsbRequest)
                  0000586e    0000008c                            : HAL_PMM.obj (.text:SetVCoreDown)
                  000058fa    0000008a                            : HAL_Dogs102x6.obj (.text:Dogs102x6_charDraw)
                  00005984    00000088                            : usb.obj (.text:USB_enable)
                  00005a0c    00000084                            : UsbCdc.obj (.text:CopyUsbToBuff)
                  00005a90    00000084                            : UsbHid.obj (.text:HidCopyUsbToBuff)
                  00005b14    00000082     rts430xl.lib : autoinit_wdt.obj (.text:_auto_init_hold_wdt)
                  00005b96    0000007a     MSP-EXP430F5529_UE.lib : HAL_Dogs102x6.obj (.text:Dogs102x6_stringDraw)
                  00005c10    00000078                            : HAL_Dogs102x6.obj (.text:Dogs102x6_init)
                  00005c88    00000074     lab7.obj (.text:DS18b20_read_byte)
                  00005cfc    00000074     MSP-EXP430F5529_UE.lib : usb.obj (.text:usbSendNextPacketOnIEP0)
                  00005d70    00000070                            : usb.obj (.text:usbGetEndpointStatus)
                  00005de0    0000006e                            : HAL_Dogs102x6.obj (.text:Dogs102x6_writeData)
                  00005e4e    0000006e                            : UsbMscScsi.obj (.text:MscCopyUsbToBuff)
                  00005ebc    0000006a     lab7.obj (.text:DS18b20_Init)
                  00005f26    00000068     MSP-EXP430F5529_UE.lib : usb.obj (.text:usbClearEndpointFeature)
                  00005f8e    00000064                            : UsbMscScsi.obj (.text:Msc_ResetStruct)
                  00005ff2    00000064                            : UsbMscScsi.obj (.text:Reset_RequestSenseResponse)
                  00006056    00000064     lab7.obj (.text:get_one_temperature)
                  000060ba    00000058     MSP-EXP430F5529_UE.lib : HAL_Dogs102x6.obj (.text:Dogs102x6_setAddress)
                  00006112    00000056     lab7.obj (.text:DS18b20_write_byte)
                  00006168    0000004e     UsbIsr.obj (.text:OEP0InterruptHandler)
                  000061b6    0000004a     MSP-EXP430F5529_UE.lib : HAL_Cma3000.obj (.text:Cma3000_readRegister)
                  00006200    0000004a                            : HAL_Cma3000.obj (.text:Cma3000_writeRegister)
                  0000624a    00000048     UsbIsr.obj (.text:PWRVBUSoffHandler)
                  00006292    00000048     UsbIsr.obj (.text:SetupPacketInterruptHandler)
                  000062da    00000048     MSP-EXP430F5529_UE.lib : usb.obj (.text:usbReceiveNextPacketOnOEP0)
                  00006322    00000046     rts430xl.lib : fs_tou.obj (.text)
                  00006368    00000044     MSP-EXP430F5529_UE.lib : usb.obj (.text:usbGetStringDescriptor)
                  000063ac    00000044                            : usb.obj (.text:usbSetEndpointFeature)
                  000063f0    00000042                            : UsbMscReq.obj (.text:USBMSC_reset)
                  00006432    00000040                            : HAL_Cma3000.obj (.text:Cma3000_readAccel)
                  00006472    00000040                            : UsbCdc.obj (.text:usbGetLineCoding0)
                  000064b2    00000040                            : usb.obj (.text:usbSetInterface)
                  000064f2    0000003e                            : HAL_Dogs102x6.obj (.text:Dogs102x6_setBacklight)
                  00006530    0000003e                            : HAL_PMM.obj (.text:SetVCore)
                  0000656e    0000003e     rts430xl.lib : lsl32.obj (.text:l_lsl_const)
                  000065ac    0000003e                  : lsr32.obj (.text:l_lsr_const)
                  000065ea    0000003c     MSP-EXP430F5529_UE.lib : HAL_Dogs102x6.obj (.text:Dogs102x6_writeCommand)
                  00006626    00000038                            : HAL_UCS.obj (.text:LFXT_Start)
                  0000665e    00000036                            : HAL_Dogs102x6.obj (.text:Dogs102x6_clearScreen)
                  00006694    00000036     UsbIsr.obj (.text:PWRVBUSonHandler)
                  000066ca    00000032     MSP-EXP430F5529_UE.lib : UsbCdc.obj (.text:CdcIsReceiveInProgress)
                  000066fc    00000032                            : HAL_Dogs102x6.obj (.text:Dogs102x6_setContrast)
                  0000672e    00000032                            : UsbHid.obj (.text:HidIsReceiveInProgress)
                  00006760    00000032                            : HAL_UCS.obj (.text:Init_FLL_Settle)
                  00006792    00000032                            : usb.obj (.text:USB_suspend)
                  000067c4    00000030                            : HAL_Dogs102x6.obj (.text:Dogs102x6_backlightInit)
                  000067f4    00000030                            : HAL_UCS.obj (.text:XT2_Start)
                  00006824    0000002e                            : UsbCdc.obj (.text:Handler_SetLineCoding0)
                  00006852    0000002e                            : UsbCdc.obj (.text:Handler_SetLineCoding1)
                  00006880    0000002e                            : UsbCdc.obj (.text:Handler_SetLineCoding2)
                  000068ae    0000002e                            : UsbMscScsi.obj (.text:MscResetData)
                  000068dc    0000002e     rts430xl.lib : exit.obj (.text:exit)
                  0000690a    0000002c                  : div16s.obj (.text)
                  00006936    0000002c     MSP-EXP430F5529_UE.lib : UsbHidReq.obj (.text:usbGetHidDescriptor)
                  00006962    0000002a                            : UsbCdc.obj (.text:CdcResetData)
                  0000698c    0000002a                            : UsbHid.obj (.text:HidResetData)
                  000069b6    0000002a     rts430xl.lib : memcpy.obj (.text:memcpy)
                  000069e0    00000028     MSP-EXP430F5529_UE.lib : usb.obj (.text:USB_connect)
                  00006a08    00000028                            : usb.obj (.text:usbGetDeviceStatus)
                  00006a30    00000026                            : HAL_Wheel.obj (.text:Wheel_init)
                  00006a56    00000026     rts430xl.lib : args_main.obj (.text:_args_main)
                  00006a7c    00000026                  : mult32.obj (.text)
                  00006aa2    00000024                  : fs_utof.obj (.text)
                  00006ac6    00000022                  : mult32_f5hw.obj (.text)
                  00006ae8    00000020                  : memset.obj (.text:memset)
                  00006b08    00000020     MSP-EXP430F5529_UE.lib : usb.obj (.text:usbSendDataPacketOnEP0)
                  00006b28    0000001e                            : usb.obj (.text:usbSetConfiguration)
                  00006b46    0000001c     UsbIsr.obj (.text:IEP0InterruptHandler)
                  00006b62    0000001a     MSP-EXP430F5529_UE.lib : usb.obj (.text:usbGetInterface)
                  00006b7c    0000001a                            : usb.obj (.text:usbGetInterfaceStatus)
                  00006b96    0000001a                            : usb.obj (.text:usbSetAddress)
                  00006bb0    00000018                            : HAL_Cma3000.obj (.text:Cma3000_readAccel_offset)
                  00006bc8    00000018                            : UsbMscReq.obj (.text:Get_MaxLUN)
                  00006be0    00000018                            : usb.obj (.text:USB_resume)
                  00006bf8    00000016     rts430xl.lib : div16u.obj (.text)
                  00006c0e    00000016                  : mult16_f5hw.obj (.text)
                  00006c24    00000016     MSP-EXP430F5529_UE.lib : UsbHidReq.obj (.text:usbGetReport)
                  00006c3a    00000014     usb_eventHandling.obj (.text:USB_handleVbusOnEvent)
                  00006c4e    00000014     rts430xl.lib : mult16.obj (.text)
                  00006c62    00000012     MSP-EXP430F5529_UE.lib : HAL_Buttons.obj (.text:Buttons_interruptEnable)
                  00006c74    00000012                            : usb.obj (.text:usbClearDeviceFeature)
                  00006c86    00000012                            : usb.obj (.text:usbGetConfigurationDescriptor)
                  00006c98    00000012                            : usb.obj (.text:usbGetDeviceDescriptor)
                  00006caa    00000012                            : usb.obj (.text:usbReceiveDataPacketOnEP0)
                  00006cbc    00000012                            : usb.obj (.text:usbSetDeviceFeature)
                  00006cce    00000010                            : HAL_Buttons.obj (.text:Buttons_startWDT)
                  00006cde    00000010                            : usb.obj (.text:usbGetConfiguration)
                  00006cee    0000000e                            : HAL_Buttons.obj (.text:Buttons_init)
                  00006cfc    0000000e                            : HAL_Cma3000.obj (.text:Cma3000_setAccel_offset)
                  00006d0a    0000000e                            : UsbMscStateMachine.obj (.text:Msc_ResetStateMachine)
                  00006d18    0000000e                            : UsbHidReq.obj (.text:usbGetReportDescriptor)
                  00006d26    0000000e                            : usb.obj (.text:usbSendZeroLengthPacketOnIEP0)
                  00006d34    0000000c                            : usb.obj (.text:usbInvalidRequest)
                  00006d40    0000000a     system_pre_init.obj (.text:_system_pre_init)
                  00006d4a    0000000a     rts430xl.lib : asr16.obj (.text)
                  00006d54    0000000a                  : lsl16.obj (.text)
                  00006d5e    0000000a                  : lsr16.obj (.text)
                  00006d68    0000000a     MSP-EXP430F5529_UE.lib : usb.obj (.text:usbStallEndpoint0)
                  00006d72    00000008                            : UsbHidReportHandler.obj (.text:Handler_InFeature)
                  00006d7a    00000008                            : UsbCdc.obj (.text:usbSetLineCoding0)
                  00006d82    00000008                            : UsbHidReq.obj (.text:usbSetReport)
                  00006d8a    00000006                            : UsbMscScsi.obj (.text:Msc_ResetFlags)
                  00006d90    00000006                            : usb.obj (.text:usbClearOEP0ByteCount)
                  00006d96    00000006                            : usb.obj (.text:usbStallOEP0)
                  00006d9c    00000004     usb_eventHandling.obj (.text:USBCDC_handleDataReceived)
                  00006da0    00000004     usb_eventHandling.obj (.text:USBCDC_handleReceiveCompleted)
                  00006da4    00000004     usb_eventHandling.obj (.text:USBCDC_handleSendCompleted)
                  00006da8    00000004     usb_eventHandling.obj (.text:USBHID_handleDataReceived)
                  00006dac    00000004     usb_eventHandling.obj (.text:USBHID_handleReceiveCompleted)
                  00006db0    00000004     usb_eventHandling.obj (.text:USBHID_handleSendCompleted)
                  00006db4    00000004     usb_eventHandling.obj (.text:USBMSC_handleBufferEvent)
                  00006db8    00000004     usb_eventHandling.obj (.text:USB_handleClockEvent)
                  00006dbc    00000004     usb_eventHandling.obj (.text:USB_handleEnumCompleteEvent)
                  00006dc0    00000004     usb_eventHandling.obj (.text:USB_handleResetEvent)
                  00006dc4    00000004     usb_eventHandling.obj (.text:USB_handleResumeEvent)
                  00006dc8    00000004     usb_eventHandling.obj (.text:USB_handleSuspendEvent)
                  00006dcc    00000004     usb_eventHandling.obj (.text:USB_handleVbusOffEvent)
                  00006dd0    00000004     rts430xl.lib : exit.obj (.text:abort)
                  00006dd4    00000004     MSP-EXP430F5529_UE.lib : UsbCdc.obj (.text:usbSetControlLineState)
                  00006dd8    00000002                            : UsbHidReportHandler.obj (.text:Handler_InReport)
                  00006dda    00000002     rts430xl.lib : _lock.obj (.text:_nop)

.int00     0    0000ff80    00000002     
                  0000ff80    00000002     rts430xl.lib : int00.obj (.int00)

.int01     0    0000ff82    00000002     
                  0000ff82    00000002     rts430xl.lib : int01.obj (.int01)

.int02     0    0000ff84    00000002     
                  0000ff84    00000002     rts430xl.lib : int02.obj (.int02)

.int03     0    0000ff86    00000002     
                  0000ff86    00000002     rts430xl.lib : int03.obj (.int03)

.int04     0    0000ff88    00000002     
                  0000ff88    00000002     rts430xl.lib : int04.obj (.int04)

.int05     0    0000ff8a    00000002     
                  0000ff8a    00000002     rts430xl.lib : int05.obj (.int05)

.int06     0    0000ff8c    00000002     
                  0000ff8c    00000002     rts430xl.lib : int06.obj (.int06)

.int07     0    0000ff8e    00000002     
                  0000ff8e    00000002     rts430xl.lib : int07.obj (.int07)

.int08     0    0000ff90    00000002     
                  0000ff90    00000002     rts430xl.lib : int08.obj (.int08)

.int09     0    0000ff92    00000002     
                  0000ff92    00000002     rts430xl.lib : int09.obj (.int09)

.int10     0    0000ff94    00000002     
                  0000ff94    00000002     rts430xl.lib : int10.obj (.int10)

.int11     0    0000ff96    00000002     
                  0000ff96    00000002     rts430xl.lib : int11.obj (.int11)

.int12     0    0000ff98    00000002     
                  0000ff98    00000002     rts430xl.lib : int12.obj (.int12)

.int13     0    0000ff9a    00000002     
                  0000ff9a    00000002     rts430xl.lib : int13.obj (.int13)

.int14     0    0000ff9c    00000002     
                  0000ff9c    00000002     rts430xl.lib : int14.obj (.int14)

.int15     0    0000ff9e    00000002     
                  0000ff9e    00000002     rts430xl.lib : int15.obj (.int15)

.int16     0    0000ffa0    00000002     
                  0000ffa0    00000002     rts430xl.lib : int16.obj (.int16)

.int17     0    0000ffa2    00000002     
                  0000ffa2    00000002     rts430xl.lib : int17.obj (.int17)

.int18     0    0000ffa4    00000002     
                  0000ffa4    00000002     rts430xl.lib : int18.obj (.int18)

.int19     0    0000ffa6    00000002     
                  0000ffa6    00000002     rts430xl.lib : int19.obj (.int19)

.int20     0    0000ffa8    00000002     
                  0000ffa8    00000002     rts430xl.lib : int20.obj (.int20)

.int21     0    0000ffaa    00000002     
                  0000ffaa    00000002     rts430xl.lib : int21.obj (.int21)

.int22     0    0000ffac    00000002     
                  0000ffac    00000002     rts430xl.lib : int22.obj (.int22)

.int23     0    0000ffae    00000002     
                  0000ffae    00000002     rts430xl.lib : int23.obj (.int23)

.int24     0    0000ffb0    00000002     
                  0000ffb0    00000002     rts430xl.lib : int24.obj (.int24)

.int25     0    0000ffb2    00000002     
                  0000ffb2    00000002     rts430xl.lib : int25.obj (.int25)

.int26     0    0000ffb4    00000002     
                  0000ffb4    00000002     rts430xl.lib : int26.obj (.int26)

.int27     0    0000ffb6    00000002     
                  0000ffb6    00000002     rts430xl.lib : int27.obj (.int27)

.int28     0    0000ffb8    00000002     
                  0000ffb8    00000002     rts430xl.lib : int28.obj (.int28)

.int29     0    0000ffba    00000002     
                  0000ffba    00000002     rts430xl.lib : int29.obj (.int29)

.int30     0    0000ffbc    00000002     
                  0000ffbc    00000002     rts430xl.lib : int30.obj (.int30)

.int31     0    0000ffbe    00000002     
                  0000ffbe    00000002     rts430xl.lib : int31.obj (.int31)

.int32     0    0000ffc0    00000002     
                  0000ffc0    00000002     rts430xl.lib : int32.obj (.int32)

.int33     0    0000ffc2    00000002     
                  0000ffc2    00000002     rts430xl.lib : int33.obj (.int33)

.int34     0    0000ffc4    00000002     
                  0000ffc4    00000002     rts430xl.lib : int34.obj (.int34)

.int35     0    0000ffc6    00000002     
                  0000ffc6    00000002     rts430xl.lib : int35.obj (.int35)

.int36     0    0000ffc8    00000002     
                  0000ffc8    00000002     rts430xl.lib : int36.obj (.int36)

.int37     0    0000ffca    00000002     
                  0000ffca    00000002     rts430xl.lib : int37.obj (.int37)

.int38     0    0000ffcc    00000002     
                  0000ffcc    00000002     rts430xl.lib : int38.obj (.int38)

.int39     0    0000ffce    00000002     
                  0000ffce    00000002     rts430xl.lib : int39.obj (.int39)

.int40     0    0000ffd0    00000002     
                  0000ffd0    00000002     rts430xl.lib : int40.obj (.int40)

.int41     0    0000ffd2    00000002     
                  0000ffd2    00000002     rts430xl.lib : int41.obj (.int41)

.int42     0    0000ffd4    00000002     
                  0000ffd4    00000002     MSP-EXP430F5529_UE.lib : HAL_Buttons.obj (.int42)

.int43     0    0000ffd6    00000002     
                  0000ffd6    00000002     rts430xl.lib : int43.obj (.int43)

.int44     0    0000ffd8    00000002     
                  0000ffd8    00000002     mouse.obj (.int44)

.int45     0    0000ffda    00000002     
                  0000ffda    00000002     rts430xl.lib : int45.obj (.int45)

.int46     0    0000ffdc    00000002     
                  0000ffdc    00000002     rts430xl.lib : int46.obj (.int46)

.int47     0    0000ffde    00000002     
                  0000ffde    00000002     MSP-EXP430F5529_UE.lib : HAL_Buttons.obj (.int47)

.int48     0    0000ffe0    00000002     
                  0000ffe0    00000002     rts430xl.lib : int48.obj (.int48)

.int49     0    0000ffe2    00000002     
                  0000ffe2    00000002     rts430xl.lib : int49.obj (.int49)

.int50     0    0000ffe4    00000002     
                  0000ffe4    00000002     rts430xl.lib : int50.obj (.int50)

.int51     0    0000ffe6    00000002     
                  0000ffe6    00000002     UsbIsr.obj (.int51)

.int52     0    0000ffe8    00000002     
                  0000ffe8    00000002     rts430xl.lib : int52.obj (.int52)

.int53     0    0000ffea    00000002     
                  0000ffea    00000002     rts430xl.lib : int53.obj (.int53)

.int54     0    0000ffec    00000002     
                  0000ffec    00000002     MSP-EXP430F5529_UE.lib : HAL_Wheel.obj (.int54)

.int55     0    0000ffee    00000002     
                  0000ffee    00000002     rts430xl.lib : int55.obj (.int55)

.int56     0    0000fff0    00000002     
                  0000fff0    00000002     rts430xl.lib : int56.obj (.int56)

.int57     0    0000fff2    00000002     
                  0000fff2    00000002     MSP-EXP430F5529_UE.lib : HAL_Buttons.obj (.int57)

.int58     0    0000fff4    00000002     
                  0000fff4    00000002     rts430xl.lib : int58.obj (.int58)

.int59     0    0000fff6    00000002     
                  0000fff6    00000002     rts430xl.lib : int59.obj (.int59)

.int60     0    0000fff8    00000002     
                  0000fff8    00000002     rts430xl.lib : int60.obj (.int60)

.int61     0    0000fffa    00000002     
                  0000fffa    00000002     rts430xl.lib : int61.obj (.int61)

.int62     0    0000fffc    00000002     
                  0000fffc    00000002     rts430xl.lib : int62.obj (.int62)

.reset     0    0000fffe    00000002     
                  0000fffe    00000002     rts430xl.lib : boot.obj (.reset)


GLOBAL SYMBOLS: SORTED ALPHABETICALLY BY Name 

address   name                             
-------   ----                             
00002400  .bss                             
ffffffff  .text                            
00000700  ADC12CTL0                        
00000701  ADC12CTL0_H                      
00000700  ADC12CTL0_L                      
00000702  ADC12CTL1                        
00000703  ADC12CTL1_H                      
00000702  ADC12CTL1_L                      
00000704  ADC12CTL2                        
00000705  ADC12CTL2_H                      
00000704  ADC12CTL2_L                      
0000070c  ADC12IE                          
0000070d  ADC12IE_H                        
0000070c  ADC12IE_L                        
0000070a  ADC12IFG                         
0000070b  ADC12IFG_H                       
0000070a  ADC12IFG_L                       
0000070e  ADC12IV                          
0000070f  ADC12IV_H                        
0000070e  ADC12IV_L                        
00000710  ADC12MCTL0                       
00000711  ADC12MCTL1                       
0000071a  ADC12MCTL10                      
0000071b  ADC12MCTL11                      
0000071c  ADC12MCTL12                      
0000071d  ADC12MCTL13                      
0000071e  ADC12MCTL14                      
0000071f  ADC12MCTL15                      
00000712  ADC12MCTL2                       
00000713  ADC12MCTL3                       
00000714  ADC12MCTL4                       
00000715  ADC12MCTL5                       
00000716  ADC12MCTL6                       
00000717  ADC12MCTL7                       
00000718  ADC12MCTL8                       
00000719  ADC12MCTL9                       
00000720  ADC12MEM0                        
00000721  ADC12MEM0_H                      
00000720  ADC12MEM0_L                      
00000722  ADC12MEM1                        
00000734  ADC12MEM10                       
00000735  ADC12MEM10_H                     
00000734  ADC12MEM10_L                     
00000736  ADC12MEM11                       
00000737  ADC12MEM11_H                     
00000736  ADC12MEM11_L                     
00000738  ADC12MEM12                       
00000739  ADC12MEM12_H                     
00000738  ADC12MEM12_L                     
0000073a  ADC12MEM13                       
0000073b  ADC12MEM13_H                     
0000073a  ADC12MEM13_L                     
0000073c  ADC12MEM14                       
0000073d  ADC12MEM14_H                     
0000073c  ADC12MEM14_L                     
0000073e  ADC12MEM15                       
0000073f  ADC12MEM15_H                     
0000073e  ADC12MEM15_L                     
00000723  ADC12MEM1_H                      
00000722  ADC12MEM1_L                      
00000724  ADC12MEM2                        
00000725  ADC12MEM2_H                      
00000724  ADC12MEM2_L                      
00000726  ADC12MEM3                        
00000727  ADC12MEM3_H                      
00000726  ADC12MEM3_L                      
00000728  ADC12MEM4                        
00000729  ADC12MEM4_H                      
00000728  ADC12MEM4_L                      
0000072a  ADC12MEM5                        
0000072b  ADC12MEM5_H                      
0000072a  ADC12MEM5_L                      
0000072c  ADC12MEM6                        
0000072d  ADC12MEM6_H                      
0000072c  ADC12MEM6_L                      
0000072e  ADC12MEM7                        
0000072f  ADC12MEM7_H                      
0000072e  ADC12MEM7_L                      
00000730  ADC12MEM8                        
00000731  ADC12MEM8_H                      
00000730  ADC12MEM8_L                      
00000732  ADC12MEM9                        
00000733  ADC12MEM9_H                      
00000732  ADC12MEM9_L                      
00004658  ADC12_ISR                        
000073dc  BYTES_PER_BLOCK                  
000052aa  Board_init                       
00006cee  Buttons_init                     
00006c62  Buttons_interruptEnable          
00006cce  Buttons_startWDT                 
00006dd0  C$$EXIT                          
000008c0  CBCTL0                           
000008c1  CBCTL0_H                         
000008c0  CBCTL0_L                         
000008c2  CBCTL1                           
000008c3  CBCTL1_H                         
000008c2  CBCTL1_L                         
000008c4  CBCTL2                           
000008c5  CBCTL2_H                         
000008c4  CBCTL2_L                         
000008c6  CBCTL3                           
000008c7  CBCTL3_H                         
000008c6  CBCTL3_L                         
000008cc  CBINT                            
000008cd  CBINT_H                          
000008cc  CBINT_L                          
000008ce  CBIV                             
00000150  CRCDI                            
00000152  CRCDIRB                          
00000153  CRCDIRB_H                        
00000152  CRCDIRB_L                        
00000151  CRCDI_H                          
00000150  CRCDI_L                          
00000154  CRCINIRES                        
00000155  CRCINIRES_H                      
00000154  CRCINIRES_L                      
00000156  CRCRESR                          
00000157  CRCRESR_H                        
00000156  CRCRESR_L                        
000066ca  CdcIsReceiveInProgress           
00006962  CdcResetData                     
0000517c  CdcToBufferFromHost              
0000495e  CdcToHostFromBuffer              
0000573c  Cma3000_init                     
00006432  Cma3000_readAccel                
00006bb0  Cma3000_readAccel_offset         
000061b6  Cma3000_readRegister             
00006cfc  Cma3000_setAccel_offset          
00006200  Cma3000_writeRegister            
00002feb  Cma3000_xAccel                   
00002fee  Cma3000_xAccel_offset            
00002fec  Cma3000_yAccel                   
00002fef  Cma3000_yAccel_offset            
00002fed  Cma3000_zAccel                   
00002ff0  Cma3000_zAccel_offset            
00005a0c  CopyUsbToBuff                    
00000510  DMA0CTL                          
00000511  DMA0CTL_H                        
00000510  DMA0CTL_L                        
00000516  DMA0DA                           
00000518  DMA0DAH                          
00000516  DMA0DAL                          
00000512  DMA0SA                           
00000514  DMA0SAH                          
00000512  DMA0SAL                          
0000051a  DMA0SZ                           
00000520  DMA1CTL                          
00000521  DMA1CTL_H                        
00000520  DMA1CTL_L                        
00000526  DMA1DA                           
00000528  DMA1DAH                          
00000526  DMA1DAL                          
00000522  DMA1SA                           
00000524  DMA1SAH                          
00000522  DMA1SAL                          
0000052a  DMA1SZ                           
00000530  DMA2CTL                          
00000531  DMA2CTL_H                        
00000530  DMA2CTL_L                        
00000536  DMA2DA                           
00000538  DMA2DAH                          
00000536  DMA2DAL                          
00000532  DMA2SA                           
00000534  DMA2SAH                          
00000532  DMA2SAL                          
0000053a  DMA2SZ                           
00000500  DMACTL0                          
00000501  DMACTL0_H                        
00000500  DMACTL0_L                        
00000502  DMACTL1                          
00000503  DMACTL1_H                        
00000502  DMACTL1_L                        
00000504  DMACTL2                          
00000505  DMACTL2_H                        
00000504  DMACTL2_L                        
00000506  DMACTL3                          
00000507  DMACTL3_H                        
00000506  DMACTL3_L                        
00000508  DMACTL4                          
00000509  DMACTL4_H                        
00000508  DMACTL4_L                        
0000050e  DMAIV                            
0000050f  DMAIV_H                          
0000050e  DMAIV_L                          
00005ebc  DS18b20_Init                     
00005c88  DS18b20_read_byte                
00006112  DS18b20_write_byte               
00002800  DataCnt                          
000067c4  Dogs102x6_backlightInit          
000058fa  Dogs102x6_charDraw               
0000665e  Dogs102x6_clearScreen            
00005c10  Dogs102x6_init                   
00002d4a  Dogs102x6_initMacro              
000060ba  Dogs102x6_setAddress             
000064f2  Dogs102x6_setBacklight           
000066fc  Dogs102x6_setContrast            
00005b96  Dogs102x6_stringDraw             
000065ea  Dogs102x6_writeCommand           
00005de0  Dogs102x6_writeData              
00000140  FCTL1                            
00000141  FCTL1_H                          
00000140  FCTL1_L                          
00000144  FCTL3                            
00000145  FCTL3_H                          
00000144  FCTL3_L                          
00000146  FCTL4                            
00000147  FCTL4_H                          
00000146  FCTL4_L                          
00006bc8  Get_MaxLUN                       
00006d72  Handler_InFeature                
00006dd8  Handler_InReport                 
00006824  Handler_SetLineCoding0           
00006852  Handler_SetLineCoding1           
00006880  Handler_SetLineCoding2           
00005a90  HidCopyUsbToBuff                 
0000672e  HidIsReceiveInProgress           
0000698c  HidResetData                     
00004d9a  HidToBufferFromHost              
00004acc  HidToHostFromBuffer              
00006b46  IEP0InterruptHandler             
00003018  INS                              
00006d4a  I_ASR                            
00006d54  I_LSL                            
00006d5e  I_LSR                            
0000538e  Init_FLL                         
00006760  Init_FLL_Settle                  
00006626  LFXT_Start                       
000065a6  L_LSL_1                          
00006582  L_LSL_10                         
0000657e  L_LSL_11                         
0000657a  L_LSL_12                         
00006576  L_LSL_13                         
00006572  L_LSL_14                         
0000656e  L_LSL_15                         
000065a2  L_LSL_2                          
0000659e  L_LSL_3                          
0000659a  L_LSL_4                          
00006596  L_LSL_5                          
00006592  L_LSL_6                          
0000658e  L_LSL_7                          
0000658a  L_LSL_8                          
00006586  L_LSL_9                          
000065e4  L_LSR_1                          
000065c0  L_LSR_10                         
000065bc  L_LSR_11                         
000065b8  L_LSR_12                         
000065b4  L_LSR_13                         
000065b0  L_LSR_14                         
000065ac  L_LSR_15                         
000065e0  L_LSR_2                          
000065dc  L_LSR_3                          
000065d8  L_LSR_4                          
000065d4  L_LSR_5                          
000065d0  L_LSR_6                          
000065cc  L_LSR_7                          
000065c8  L_LSR_8                          
000065c4  L_LSR_9                          
000004c4  MAC                              
000004da  MAC32H                           
000004db  MAC32H_H                         
000004da  MAC32H_L                         
000004d8  MAC32L                           
000004d9  MAC32L_H                         
000004d8  MAC32L_L                         
000004c6  MACS                             
000004de  MACS32H                          
000004df  MACS32H_H                        
000004de  MACS32H_L                        
000004dc  MACS32L                          
000004dd  MACS32L_H                        
000004dc  MACS32L_L                        
000004c7  MACS_H                           
000004c6  MACS_L                           
000004c5  MAC_H                            
000004c4  MAC_L                            
000004c0  MPY                              
000004ec  MPY32CTL0                        
000004ed  MPY32CTL0_H                      
000004ec  MPY32CTL0_L                      
000004d2  MPY32H                           
000004d3  MPY32H_H                         
000004d2  MPY32H_L                         
000004d0  MPY32L                           
000004d1  MPY32L_H                         
000004d0  MPY32L_L                         
000004c2  MPYS                             
000004d6  MPYS32H                          
000004d7  MPYS32H_H                        
000004d6  MPYS32H_L                        
000004d4  MPYS32L                          
000004d5  MPYS32L_H                        
000004d4  MPYS32L_L                        
000004c3  MPYS_H                           
000004c2  MPYS_L                           
000004c1  MPY_H                            
000004c0  MPY_L                            
000047c0  MSCFromHostToBuffer              
00004c38  MSCToHostFromBuffer              
00002d7a  McsCbw                           
00002d9a  McsCsw                           
00002e04  MscControl                       
00005e4e  MscCopyUsbToBuff                 
00002de8  MscReadControl                   
000068ae  MscResetData                     
00002dc8  MscWriteControl                  
00006d8a  Msc_ResetFlags                   
00006d0a  Msc_ResetStateMachine            
00005f8e  Msc_ResetStruct                  
00006168  OEP0InterruptHandler             
000004c8  OP2                              
000004e2  OP2H                             
000004e3  OP2H_H                           
000004e2  OP2H_L                           
000004e0  OP2L                             
000004e1  OP2L_H                           
000004e0  OP2L_L                           
000004c9  OP2_H                            
000004c8  OP2_L                            
0000020e  P1IV                             
0000021e  P2IV                             
000001e0  P4MAP01                          
000001e1  P4MAP01_H                        
000001e0  P4MAP01_L                        
000001e2  P4MAP23                          
000001e3  P4MAP23_H                        
000001e2  P4MAP23_L                        
000001e4  P4MAP45                          
000001e5  P4MAP45_H                        
000001e4  P4MAP45_L                        
000001e6  P4MAP67                          
000001e7  P4MAP67_H                        
000001e6  P4MAP67_L                        
00000204  PADIR                            
00000205  PADIR_H                          
00000204  PADIR_L                          
00000208  PADS                             
00000209  PADS_H                           
00000208  PADS_L                           
0000021a  PAIE                             
00000218  PAIES                            
00000219  PAIES_H                          
00000218  PAIES_L                          
0000021b  PAIE_H                           
0000021a  PAIE_L                           
0000021c  PAIFG                            
0000021d  PAIFG_H                          
0000021c  PAIFG_L                          
00000200  PAIN                             
00000201  PAIN_H                           
00000200  PAIN_L                           
00000202  PAOUT                            
00000203  PAOUT_H                          
00000202  PAOUT_L                          
00000206  PAREN                            
00000207  PAREN_H                          
00000206  PAREN_L                          
0000020a  PASEL                            
0000020b  PASEL_H                          
0000020a  PASEL_L                          
00000224  PBDIR                            
00000225  PBDIR_H                          
00000224  PBDIR_L                          
00000228  PBDS                             
00000229  PBDS_H                           
00000228  PBDS_L                           
00000220  PBIN                             
00000221  PBIN_H                           
00000220  PBIN_L                           
00000222  PBOUT                            
00000223  PBOUT_H                          
00000222  PBOUT_L                          
00000226  PBREN                            
00000227  PBREN_H                          
00000226  PBREN_L                          
0000022a  PBSEL                            
0000022b  PBSEL_H                          
0000022a  PBSEL_L                          
00000244  PCDIR                            
00000245  PCDIR_H                          
00000244  PCDIR_L                          
00000248  PCDS                             
00000249  PCDS_H                           
00000248  PCDS_L                           
00000240  PCIN                             
00000241  PCIN_H                           
00000240  PCIN_L                           
00000242  PCOUT                            
00000243  PCOUT_H                          
00000242  PCOUT_L                          
00000246  PCREN                            
00000247  PCREN_H                          
00000246  PCREN_L                          
0000024a  PCSEL                            
0000024b  PCSEL_H                          
0000024a  PCSEL_L                          
00000264  PDDIR                            
00000265  PDDIR_H                          
00000264  PDDIR_L                          
00000268  PDDS                             
00000269  PDDS_H                           
00000268  PDDS_L                           
00000260  PDIN                             
00000261  PDIN_H                           
00000260  PDIN_L                           
00000262  PDOUT                            
00000263  PDOUT_H                          
00000262  PDOUT_L                          
00000266  PDREN                            
00000267  PDREN_H                          
00000266  PDREN_L                          
0000026a  PDSEL                            
0000026b  PDSEL_H                          
0000026a  PDSEL_L                          
00000324  PJDIR                            
00000325  PJDIR_H                          
00000324  PJDIR_L                          
00000328  PJDS                             
00000329  PJDS_H                           
00000328  PJDS_L                           
00000320  PJIN                             
00000321  PJIN_H                           
00000320  PJIN_L                           
00000322  PJOUT                            
00000323  PJOUT_H                          
00000322  PJOUT_L                          
00000326  PJREN                            
00000327  PJREN_H                          
00000326  PJREN_L                          
00000130  PM5CTL0                          
00000131  PM5CTL0_H                        
00000130  PM5CTL0_L                        
000001c2  PMAPCTL                          
000001c3  PMAPCTL_H                        
000001c2  PMAPCTL_L                        
000001c0  PMAPKEYID                        
000001c1  PMAPKEYID_H                      
000001c0  PMAPKEYID_L                      
00000120  PMMCTL0                          
00000121  PMMCTL0_H                        
00000120  PMMCTL0_L                        
00000122  PMMCTL1                          
00000123  PMMCTL1_H                        
00000122  PMMCTL1_L                        
0000012c  PMMIFG                           
0000012d  PMMIFG_H                         
0000012c  PMMIFG_L                         
0000012e  PMMRIE                           
0000012f  PMMRIE_H                         
0000012e  PMMRIE_L                         
0000624a  PWRVBUSoffHandler                
00006694  PWRVBUSonHandler                 
00004578  Port1_ISR                        
000045b4  Port2_ISR                        
00000158  RCCTL0                           
00000159  RCCTL0_H                         
00000158  RCCTL0_L                         
000001b0  REFCTL0                          
000001b1  REFCTL0_H                        
000001b0  REFCTL0_L                        
000004e4  RES0                             
000004e5  RES0_H                           
000004e4  RES0_L                           
000004e6  RES1                             
000004e7  RES1_H                           
000004e6  RES1_L                           
000004e8  RES2                             
000004e9  RES2_H                           
000004e8  RES2_L                           
000004ea  RES3                             
000004eb  RES3_H                           
000004ea  RES3_L                           
000004cc  RESHI                            
000004cd  RESHI_H                          
000004cc  RESHI_L                          
000004ca  RESLO                            
000004cb  RESLO_H                          
000004ca  RESLO_L                          
000004ba  RTCADOWDAY                       
000004bb  RTCADOWDAY_H                     
000004ba  RTCADOWDAY_L                     
000004b8  RTCAMINHR                        
000004b9  RTCAMINHR_H                      
000004b8  RTCAMINHR_L                      
000004a0  RTCCTL01                         
000004a1  RTCCTL01_H                       
000004a0  RTCCTL01_L                       
000004a2  RTCCTL23                         
000004a3  RTCCTL23_H                       
000004a2  RTCCTL23_L                       
000004b4  RTCDATE                          
000004b5  RTCDATE_H                        
000004b4  RTCDATE_L                        
000004ae  RTCIV                            
000004ac  RTCPS                            
000004a8  RTCPS0CTL                        
000004a9  RTCPS0CTL_H                      
000004a8  RTCPS0CTL_L                      
000004aa  RTCPS1CTL                        
000004ab  RTCPS1CTL_H                      
000004aa  RTCPS1CTL_L                      
000004ad  RTCPS_H                          
000004ac  RTCPS_L                          
000004b0  RTCTIM0                          
000004b1  RTCTIM0_H                        
000004b0  RTCTIM0_L                        
000004b2  RTCTIM1                          
000004b3  RTCTIM1_H                        
000004b2  RTCTIM1_L                        
000004b6  RTCYEAR                          
000004b7  RTCYEAR_H                        
000004b6  RTCYEAR_L                        
00002400  RW_dataBuf                       
00002808  RWbuf                            
00002804  RWbuf_info                       
000073cc  Report_Luns                      
00002da8  RequestSenseResponse             
00005ff2  Reset_RequestSenseResponse       
00002fea  RevID                            
00000100  SFRIE1                           
00000101  SFRIE1_H                         
00000100  SFRIE1_L                         
00000102  SFRIFG1                          
00000103  SFRIFG1_H                        
00000102  SFRIFG1_L                        
00000104  SFRRPCR                          
00000105  SFRRPCR_H                        
00000104  SFRRPCR_L                        
000004ce  SUMEXT                           
000004cf  SUMEXT_H                         
000004ce  SUMEXT_L                         
00000124  SVSMHCTL                         
00000125  SVSMHCTL_H                       
00000124  SVSMHCTL_L                       
00000128  SVSMIO                           
00000129  SVSMIO_H                         
00000128  SVSMIO_L                         
00000126  SVSMLCTL                         
00000127  SVSMLCTL_H                       
00000126  SVSMLCTL_L                       
00000198  SYSBERRIV                        
00000199  SYSBERRIV_H                      
00000198  SYSBERRIV_L                      
00000182  SYSBSLC                          
00000183  SYSBSLC_H                        
00000182  SYSBSLC_L                        
00000180  SYSCTL                           
00000181  SYSCTL_H                         
00000180  SYSCTL_L                         
00000186  SYSJMBC                          
00000187  SYSJMBC_H                        
00000186  SYSJMBC_L                        
00000188  SYSJMBI0                         
00000189  SYSJMBI0_H                       
00000188  SYSJMBI0_L                       
0000018a  SYSJMBI1                         
0000018b  SYSJMBI1_H                       
0000018a  SYSJMBI1_L                       
0000018c  SYSJMBO0                         
0000018d  SYSJMBO0_H                       
0000018c  SYSJMBO0_L                       
0000018e  SYSJMBO1                         
0000018f  SYSJMBO1_H                       
0000018e  SYSJMBO1_L                       
0000019e  SYSRSTIV                         
0000019f  SYSRSTIV_H                       
0000019e  SYSRSTIV_L                       
0000019c  SYSSNIV                          
0000019d  SYSSNIV_H                        
0000019c  SYSSNIV_L                        
0000019a  SYSUNIV                          
0000019b  SYSUNIV_H                        
0000019a  SYSUNIV_L                        
00002f1c  Scsi_Mode_Sense_10               
00002f18  Scsi_Mode_Sense_6                
00002f10  Scsi_Read_Capacity_10            
00002f24  Scsi_Read_Format_Capacity        
00002d76  Scsi_Residue                     
00002e0e  Scsi_Standard_Inquiry_Data       
00006530  SetVCore                         
00006292  SetupPacketInterruptHandler      
00000352  TA0CCR0                          
00000354  TA0CCR1                          
00000356  TA0CCR2                          
00000358  TA0CCR3                          
0000035a  TA0CCR4                          
00000342  TA0CCTL0                         
00000344  TA0CCTL1                         
00000346  TA0CCTL2                         
00000348  TA0CCTL3                         
0000034a  TA0CCTL4                         
00000340  TA0CTL                           
00000360  TA0EX0                           
0000036e  TA0IV                            
00000350  TA0R                             
00000392  TA1CCR0                          
00000394  TA1CCR1                          
00000396  TA1CCR2                          
00000382  TA1CCTL0                         
00000384  TA1CCTL1                         
00000386  TA1CCTL2                         
00000380  TA1CTL                           
000003a0  TA1EX0                           
000003ae  TA1IV                            
00000390  TA1R                             
00000412  TA2CCR0                          
00000414  TA2CCR1                          
00000416  TA2CCR2                          
00000402  TA2CCTL0                         
00000404  TA2CCTL1                         
00000406  TA2CCTL2                         
00000400  TA2CTL                           
00000420  TA2EX0                           
0000042e  TA2IV                            
00000410  TA2R                             
000003d2  TB0CCR0                          
000003d4  TB0CCR1                          
000003d6  TB0CCR2                          
000003d8  TB0CCR3                          
000003da  TB0CCR4                          
000003dc  TB0CCR5                          
000003de  TB0CCR6                          
000003c2  TB0CCTL0                         
000003c4  TB0CCTL1                         
000003c6  TB0CCTL2                         
000003c8  TB0CCTL3                         
000003ca  TB0CCTL4                         
000003cc  TB0CCTL5                         
000003ce  TB0CCTL6                         
000003c0  TB0CTL                           
000003e0  TB0EX0                           
000003ee  TB0IV                            
000003d0  TB0R                             
00004640  TIMER2_A0_ISR                    
000005d0  UCA0ABCTL                        
000005c6  UCA0BRW                          
000005c7  UCA0BRW_H                        
000005c6  UCA0BRW_L                        
000005c0  UCA0CTLW0                        
000005c1  UCA0CTLW0_H                      
000005c0  UCA0CTLW0_L                      
000005dc  UCA0ICTL                         
000005dd  UCA0ICTL_H                       
000005dc  UCA0ICTL_L                       
000005d2  UCA0IRCTL                        
000005d3  UCA0IRCTL_H                      
000005d2  UCA0IRCTL_L                      
000005de  UCA0IV                           
000005c8  UCA0MCTL                         
000005cc  UCA0RXBUF                        
000005ca  UCA0STAT                         
000005ce  UCA0TXBUF                        
00000610  UCA1ABCTL                        
00000606  UCA1BRW                          
00000607  UCA1BRW_H                        
00000606  UCA1BRW_L                        
00000600  UCA1CTLW0                        
00000601  UCA1CTLW0_H                      
00000600  UCA1CTLW0_L                      
0000061c  UCA1ICTL                         
0000061d  UCA1ICTL_H                       
0000061c  UCA1ICTL_L                       
00000612  UCA1IRCTL                        
00000613  UCA1IRCTL_H                      
00000612  UCA1IRCTL_L                      
0000061e  UCA1IV                           
00000608  UCA1MCTL                         
0000060c  UCA1RXBUF                        
0000060a  UCA1STAT                         
0000060e  UCA1TXBUF                        
000005e6  UCB0BRW                          
000005e7  UCB0BRW_H                        
000005e6  UCB0BRW_L                        
000005e0  UCB0CTLW0                        
000005e1  UCB0CTLW0_H                      
000005e0  UCB0CTLW0_L                      
000005f0  UCB0I2COA                        
000005f1  UCB0I2COA_H                      
000005f0  UCB0I2COA_L                      
000005f2  UCB0I2CSA                        
000005f3  UCB0I2CSA_H                      
000005f2  UCB0I2CSA_L                      
000005fc  UCB0ICTL                         
000005fd  UCB0ICTL_H                       
000005fc  UCB0ICTL_L                       
000005fe  UCB0IV                           
000005ec  UCB0RXBUF                        
000005ea  UCB0STAT                         
000005ee  UCB0TXBUF                        
00000626  UCB1BRW                          
00000627  UCB1BRW_H                        
00000626  UCB1BRW_L                        
00000620  UCB1CTLW0                        
00000621  UCB1CTLW0_H                      
00000620  UCB1CTLW0_L                      
00000630  UCB1I2COA                        
00000631  UCB1I2COA_H                      
00000630  UCB1I2COA_L                      
00000632  UCB1I2CSA                        
00000633  UCB1I2CSA_H                      
00000632  UCB1I2CSA_L                      
0000063c  UCB1ICTL                         
0000063d  UCB1ICTL_H                       
0000063c  UCB1ICTL_L                       
0000063e  UCB1IV                           
0000062c  UCB1RXBUF                        
0000062a  UCB1STAT                         
0000062e  UCB1TXBUF                        
00000160  UCSCTL0                          
00000161  UCSCTL0_H                        
00000160  UCSCTL0_L                        
00000162  UCSCTL1                          
00000163  UCSCTL1_H                        
00000162  UCSCTL1_L                        
00000164  UCSCTL2                          
00000165  UCSCTL2_H                        
00000164  UCSCTL2_L                        
00000166  UCSCTL3                          
00000167  UCSCTL3_H                        
00000166  UCSCTL3_L                        
00000168  UCSCTL4                          
00000169  UCSCTL4_H                        
00000168  UCSCTL4_L                        
0000016a  UCSCTL5                          
0000016b  UCSCTL5_H                        
0000016a  UCSCTL5_L                        
0000016c  UCSCTL6                          
0000016d  UCSCTL6_H                        
0000016c  UCSCTL6_L                        
0000016e  UCSCTL7                          
0000016f  UCSCTL7_H                        
0000016e  UCSCTL7_L                        
00000170  UCSCTL8                          
00000171  UCSCTL8_H                        
00000170  UCSCTL8_L                        
00006d9c  USBCDC_handleDataReceived        
00006da0  USBCDC_handleReceiveCompleted    
00006da4  USBCDC_handleSendCompleted       
00000902  USBCNF                           
00000903  USBCNF_H                         
00000902  USBCNF_L                         
0000093c  USBCTL                           
0000093a  USBFN                            
0000093b  USBFN_H                          
0000093a  USBFN_L                          
0000093f  USBFUNADR                        
00006da8  USBHID_handleDataReceived        
00006dac  USBHID_handleReceiveCompleted    
00006db0  USBHID_handleSendCompleted       
0000093d  USBIE                            
00002378  USBIEP0BUF                       
000023c9  USBIEPBBAX_1                     
000023d1  USBIEPBBAX_2                     
000023d9  USBIEPBBAX_3                     
000023e1  USBIEPBBAX_4                     
000023e9  USBIEPBBAX_5                     
000023f1  USBIEPBBAX_6                     
000023f9  USBIEPBBAX_7                     
000023cd  USBIEPBBAY_1                     
000023d5  USBIEPBBAY_2                     
000023dd  USBIEPBBAY_3                     
000023e5  USBIEPBBAY_4                     
000023ed  USBIEPBBAY_5                     
000023f5  USBIEPBBAY_6                     
000023fd  USBIEPBBAY_7                     
000023ca  USBIEPBCTX_1                     
000023d2  USBIEPBCTX_2                     
000023da  USBIEPBCTX_3                     
000023e2  USBIEPBCTX_4                     
000023ea  USBIEPBCTX_5                     
000023f2  USBIEPBCTX_6                     
000023fa  USBIEPBCTX_7                     
000023ce  USBIEPBCTY_1                     
000023d6  USBIEPBCTY_2                     
000023de  USBIEPBCTY_3                     
000023e6  USBIEPBCTY_4                     
000023ee  USBIEPBCTY_5                     
000023f6  USBIEPBCTY_6                     
000023fe  USBIEPBCTY_7                     
00000920  USBIEPCNF_0                      
000023c8  USBIEPCNF_1                      
000023d0  USBIEPCNF_2                      
000023d8  USBIEPCNF_3                      
000023e0  USBIEPCNF_4                      
000023e8  USBIEPCNF_5                      
000023f0  USBIEPCNF_6                      
000023f8  USBIEPCNF_7                      
00000921  USBIEPCNT_0                      
0000092e  USBIEPIE                         
00000930  USBIEPIFG                        
000023cf  USBIEPSIZXY_1                    
000023d7  USBIEPSIZXY_2                    
000023df  USBIEPSIZXY_3                    
000023e7  USBIEPSIZXY_4                    
000023ef  USBIEPSIZXY_5                    
000023f7  USBIEPSIZXY_6                    
000023ff  USBIEPSIZXY_7                    
0000093e  USBIFG                           
00000900  USBKEYID                         
00000901  USBKEYID_H                       
00000900  USBKEYID_L                       
00000936  USBMAINT                         
00000937  USBMAINT_H                       
00000936  USBMAINT_L                       
00002fca  USBMSC_config                    
00006db4  USBMSC_handleBufferEvent         
000063f0  USBMSC_reset                     
00002370  USBOEP0BUF                       
00002389  USBOEPBBAX_1                     
00002391  USBOEPBBAX_2                     
00002399  USBOEPBBAX_3                     
000023a1  USBOEPBBAX_4                     
000023a9  USBOEPBBAX_5                     
000023b1  USBOEPBBAX_6                     
000023b9  USBOEPBBAX_7                     
0000238d  USBOEPBBAY_1                     
00002395  USBOEPBBAY_2                     
0000239d  USBOEPBBAY_3                     
000023a5  USBOEPBBAY_4                     
000023ad  USBOEPBBAY_5                     
000023b5  USBOEPBBAY_6                     
000023bd  USBOEPBBAY_7                     
0000238a  USBOEPBCTX_1                     
00002392  USBOEPBCTX_2                     
0000239a  USBOEPBCTX_3                     
000023a2  USBOEPBCTX_4                     
000023aa  USBOEPBCTX_5                     
000023b2  USBOEPBCTX_6                     
000023ba  USBOEPBCTX_7                     
0000238e  USBOEPBCTY_1                     
00002396  USBOEPBCTY_2                     
0000239e  USBOEPBCTY_3                     
000023a6  USBOEPBCTY_4                     
000023ae  USBOEPBCTY_5                     
000023b6  USBOEPBCTY_6                     
000023be  USBOEPBCTY_7                     
00000922  USBOEPCNF_0                      
00002388  USBOEPCNF_1                      
00002390  USBOEPCNF_2                      
00002398  USBOEPCNF_3                      
000023a0  USBOEPCNF_4                      
000023a8  USBOEPCNF_5                      
000023b0  USBOEPCNF_6                      
000023b8  USBOEPCNF_7                      
00000923  USBOEPCNT_0                      
0000092f  USBOEPIE                         
00000931  USBOEPIFG                        
0000238f  USBOEPSIZXY_1                    
00002397  USBOEPSIZXY_2                    
0000239f  USBOEPSIZXY_3                    
000023a7  USBOEPSIZXY_4                    
000023af  USBOEPSIZXY_5                    
000023b7  USBOEPSIZXY_6                    
000023bf  USBOEPSIZXY_7                    
00000904  USBPHYCTL                        
00000905  USBPHYCTL_H                      
00000904  USBPHYCTL_L                      
00000910  USBPLLCTL                        
00000911  USBPLLCTL_H                      
00000910  USBPLLCTL_L                      
00000912  USBPLLDIVB                       
00000913  USBPLLDIVB_H                     
00000912  USBPLLDIVB_L                     
00000914  USBPLLIR                         
00000915  USBPLLIR_H                       
00000914  USBPLLIR_L                       
00000908  USBPWRCTL                        
00000909  USBPWRCTL_H                      
00000908  USBPWRCTL_L                      
00001c00  USBSTABUFF                       
00002380  USBSUBLK                         
0000236f  USBTOPBUFF                       
00000938  USBTSREG                         
00000939  USBTSREG_H                       
00000938  USBTSREG_L                       
00000932  USBVECINT                        
00000933  USBVECINT_H                      
00000932  USBVECINT_L                      
00002ff6  USB_RX_memcpy                    
00002ff2  USB_TX_memcpy                    
000069e0  USB_connect                      
00005984  USB_enable                       
00006db8  USB_handleClockEvent             
00006dbc  USB_handleEnumCompleteEvent      
00006dc0  USB_handleResetEvent             
00006dc4  USB_handleResumeEvent            
00006dc8  USB_handleSuspendEvent           
00006dcc  USB_handleVbusOffEvent           
00006c3a  USB_handleVbusOnEvent            
00004ef4  USB_reset                        
00006be0  USB_resume                       
00006792  USB_suspend                      
0000015c  WDTCTL                           
0000015d  WDTCTL_H                         
0000015c  WDTCTL_L                         
00004626  WDT_ISR                          
00006a30  Wheel_init                       
000067f4  XT2_Start                        
00004400  __STACK_END                      
000000a0  __STACK_SIZE                     
0000466e  __TI_ISR_TRAP                    
00000001  __TI_args_main                   
00000001  __TI_exit                        
0000ff80  __TI_int00                       
0000ff82  __TI_int01                       
0000ff84  __TI_int02                       
0000ff86  __TI_int03                       
0000ff88  __TI_int04                       
0000ff8a  __TI_int05                       
0000ff8c  __TI_int06                       
0000ff8e  __TI_int07                       
0000ff90  __TI_int08                       
0000ff92  __TI_int09                       
0000ff94  __TI_int10                       
0000ff96  __TI_int11                       
0000ff98  __TI_int12                       
0000ff9a  __TI_int13                       
0000ff9c  __TI_int14                       
0000ff9e  __TI_int15                       
0000ffa0  __TI_int16                       
0000ffa2  __TI_int17                       
0000ffa4  __TI_int18                       
0000ffa6  __TI_int19                       
0000ffa8  __TI_int20                       
0000ffaa  __TI_int21                       
0000ffac  __TI_int22                       
0000ffae  __TI_int23                       
0000ffb0  __TI_int24                       
0000ffb2  __TI_int25                       
0000ffb4  __TI_int26                       
0000ffb6  __TI_int27                       
0000ffb8  __TI_int28                       
0000ffba  __TI_int29                       
0000ffbc  __TI_int30                       
0000ffbe  __TI_int31                       
0000ffc0  __TI_int32                       
0000ffc2  __TI_int33                       
0000ffc4  __TI_int34                       
0000ffc6  __TI_int35                       
0000ffc8  __TI_int36                       
0000ffca  __TI_int37                       
0000ffcc  __TI_int38                       
0000ffce  __TI_int39                       
0000ffd0  __TI_int40                       
0000ffd2  __TI_int41                       
0000ffd4  __TI_int42                       
0000ffd6  __TI_int43                       
0000ffd8  __TI_int44                       
0000ffda  __TI_int45                       
0000ffdc  __TI_int46                       
0000ffde  __TI_int47                       
0000ffe0  __TI_int48                       
0000ffe2  __TI_int49                       
0000ffe4  __TI_int50                       
0000ffe6  __TI_int51                       
0000ffe8  __TI_int52                       
0000ffea  __TI_int53                       
0000ffec  __TI_int54                       
0000ffee  __TI_int55                       
0000fff0  __TI_int56                       
0000fff2  __TI_int57                       
0000fff4  __TI_int58                       
0000fff6  __TI_int59                       
0000fff8  __TI_int60                       
0000fffa  __TI_int61                       
0000fffc  __TI_int62                       
ffffffff  __binit__                        
00002400  __bss__                          
ffffffff  __c_args__                       
00004674  __cinit__                        
0000690a  __divi                           
00006bf8  __divu                           
00003022  __end__                          
ffffffff  __etext__                        
00005052  __fs_add                         
00005540  __fs_mpy                         
0000504c  __fs_sub                         
00006322  __fs_tou                         
00006aa2  __fs_utof                        
00006c4e  __mpyi                           
00006c0e  __mpyi_f5hw                      
00006a7c  __mpyl                           
00006ac6  __mpyl_f5hw                      
ffffffff  __pinit__                        
0000690a  __remi                           
00006bf8  __remu                           
ffffffff  __text__                         
00006a56  _args_main                       
00005b14  _auto_init_hold_wdt              
000045f0  _c_int00                         
00003002  _cleanup_ptr                     
00003006  _dtors_ptr                       
00002ffa  _lock                            
00006dda  _nop                             
0000fffe  _reset_vector                    
00004360  _stack                           
00006d40  _system_pre_init                 
00002ffe  _unlock                          
00002378  abIEP0Buffer                     
00002370  abOEP0Buffer                     
00002f48  abUsbRequestIncomingData         
00002f40  abUsbRequestReturnData           
00006dd0  abort                            
00002f50  abramSerialStringDescriptor      
0000727a  abromConfigurationDescriptorGroup
000073ba  abromDeviceDescriptor            
00007344  abromReportDescriptor            
00007186  abromStringDescriptor            
00002fe9  accelData                        
00002ff1  bDetectCard                      
00002f74  bEnumerationStatus               
00002f73  bFunctionSuspended               
00002d5c  bMcsCommandSupported             
00002e0d  bMscCbwFailed                    
00002d5e  bMscCbwReceived                  
00002f0e  bMscResetRequired                
00002f72  bStatusAction                    
00002e0c  bUnitAttention                   
00002d48  backlight                        
ffffffff  binit                            
00003010  buttonDebounce                   
00003012  buttonsPressed                   
00004674  cinit                            
00002d49  contrast                         
00002d47  currentColumn                    
00002d46  currentPage                      
00002a14  dogs102x6Memory                  
00003022  end                              
ffffffff  etext                            
000068dc  exit                             
00006056  get_one_temperature              
[...]
00000938  USBTSREG_L                       
00000939  USBTSREG_H                       
0000093a  USBFN                            
0000093a  USBFN_L                          
0000093b  USBFN_H                          
0000093c  USBCTL                           
0000093d  USBIE                            
0000093e  USBIFG                           
0000093f  USBFUNADR                        
00001c00  USBSTABUFF                       
00001c00  pbXBufferAddressEp1              
00001c40  pbYBufferAddressEp1              
00001c80  pbXBufferAddressEp81             
00001cc0  pbYBufferAddressEp81             
00001d00  pbXBufferAddressEp2              
00001d40  pbYBufferAddressEp2              
00001d80  pbXBufferAddressEp82             
00001dc0  pbYBufferAddressEp82             
00001e00  pbXBufferAddressEp3              
0000236f  USBTOPBUFF                       
00002370  USBOEP0BUF                       
00002370  abOEP0Buffer                     
00002378  USBIEP0BUF                       
00002378  abIEP0Buffer                     
00002380  USBSUBLK                         
00002380  tSetupPacket                     
00002388  USBOEPCNF_1                      
00002388  tOutputEndPointDescriptorBlock   
00002389  USBOEPBBAX_1                     
0000238a  USBOEPBCTX_1                     
0000238d  USBOEPBBAY_1                     
0000238e  USBOEPBCTY_1                     
0000238f  USBOEPSIZXY_1                    
00002390  USBOEPCNF_2                      
00002391  USBOEPBBAX_2                     
00002392  USBOEPBCTX_2                     
00002395  USBOEPBBAY_2                     
00002396  USBOEPBCTY_2                     
00002397  USBOEPSIZXY_2                    
00002398  USBOEPCNF_3                      
00002399  USBOEPBBAX_3                     
0000239a  USBOEPBCTX_3                     
0000239d  USBOEPBBAY_3                     
0000239e  USBOEPBCTY_3                     
0000239f  USBOEPSIZXY_3                    
000023a0  USBOEPCNF_4                      
000023a1  USBOEPBBAX_4                     
000023a2  USBOEPBCTX_4                     
000023a5  USBOEPBBAY_4                     
000023a6  USBOEPBCTY_4                     
000023a7  USBOEPSIZXY_4                    
000023a8  USBOEPCNF_5                      
000023a9  USBOEPBBAX_5                     
000023aa  USBOEPBCTX_5                     
000023ad  USBOEPBBAY_5                     
000023ae  USBOEPBCTY_5                     
000023af  USBOEPSIZXY_5                    
000023b0  USBOEPCNF_6                      
000023b1  USBOEPBBAX_6                     
000023b2  USBOEPBCTX_6                     
000023b5  USBOEPBBAY_6                     
000023b6  USBOEPBCTY_6                     
000023b7  USBOEPSIZXY_6                    
000023b8  USBOEPCNF_7                      
000023b9  USBOEPBBAX_7                     
000023ba  USBOEPBCTX_7                     
000023bd  USBOEPBBAY_7                     
000023be  USBOEPBCTY_7                     
000023bf  USBOEPSIZXY_7                    
000023c8  USBIEPCNF_1                      
000023c8  tInputEndPointDescriptorBlock    
000023c9  USBIEPBBAX_1                     
000023ca  USBIEPBCTX_1                     
000023cd  USBIEPBBAY_1                     
000023ce  USBIEPBCTY_1                     
000023cf  USBIEPSIZXY_1                    
000023d0  USBIEPCNF_2                      
000023d1  USBIEPBBAX_2                     
000023d2  USBIEPBCTX_2                     
000023d5  USBIEPBBAY_2                     
000023d6  USBIEPBCTY_2                     
000023d7  USBIEPSIZXY_2                    
000023d8  USBIEPCNF_3                      
000023d9  USBIEPBBAX_3                     
000023da  USBIEPBCTX_3                     
000023dd  USBIEPBBAY_3                     
000023de  USBIEPBCTY_3                     
000023df  USBIEPSIZXY_3                    
000023e0  USBIEPCNF_4                      
000023e1  USBIEPBBAX_4                     
000023e2  USBIEPBCTX_4                     
000023e5  USBIEPBBAY_4                     
000023e6  USBIEPBCTY_4                     
000023e7  USBIEPSIZXY_4                    
000023e8  USBIEPCNF_5                      
000023e9  USBIEPBBAX_5                     
000023ea  USBIEPBCTX_5                     
000023ed  USBIEPBBAY_5                     
000023ee  USBIEPBCTY_5                     
000023ef  USBIEPSIZXY_5                    
000023f0  USBIEPCNF_6                      
000023f1  USBIEPBBAX_6                     
000023f2  USBIEPBCTX_6                     
000023f5  USBIEPBBAY_6                     
000023f6  USBIEPBCTY_6                     
000023f7  USBIEPSIZXY_6                    
000023f8  USBIEPCNF_7                      
000023f9  USBIEPBBAX_7                     
000023fa  USBIEPBCTX_7                     
000023fd  USBIEPBBAY_7                     
000023fe  USBIEPBCTY_7                     
000023ff  USBIEPSIZXY_7                    
00002400  .bss                             
00002400  RW_dataBuf                       
00002400  __bss__                          
00002800  DataCnt                          
00002802  logCnt                           
00002804  RWbuf_info                       
00002808  RWbuf                            
00002a08  mediaInfo                        
00002a14  dogs102x6Memory                  
00002d46  currentPage                      
00002d47  currentColumn                    
00002d48  backlight                        
00002d49  contrast                         
00002d4a  Dogs102x6_initMacro              
00002d5c  bMcsCommandSupported             
00002d5e  bMscCbwReceived                  
00002d60  xBufferAddr                      
00002d64  yBufferAddr                      
00002d68  sRwbuf                           
00002d76  Scsi_Residue                     
00002d7a  McsCbw                           
00002d9a  McsCsw                           
00002da8  RequestSenseResponse             
00002dc8  MscWriteControl                  
00002de8  MscReadControl                   
00002e04  MscControl                       
00002e0a  sCtrlLun                         
00002e0c  bUnitAttention                   
00002e0d  bMscCbwFailed                    
00002e0e  Scsi_Standard_Inquiry_Data       
00002f0e  bMscResetRequired                
00002f10  Scsi_Read_Capacity_10            
00002f18  Scsi_Mode_Sense_6                
00002f1c  Scsi_Mode_Sense_10               
00002f24  Scsi_Read_Format_Capacity        
00002f32  wBytesRemainingOnIEP0            
00002f34  wBytesRemainingOnOEP0            
00002f40  abUsbRequestReturnData           
00002f48  abUsbRequestIncomingData         
00002f50  abramSerialStringDescriptor      
00002f72  bStatusAction                    
00002f73  bFunctionSuspended               
00002f74  bEnumerationStatus               
00002f76  wUsbEventMask                    
00002fca  USBMSC_config                    
00002fe9  accelData                        
00002fea  RevID                            
00002feb  Cma3000_xAccel                   
00002fec  Cma3000_yAccel                   
00002fed  Cma3000_zAccel                   
00002fee  Cma3000_xAccel_offset            
00002fef  Cma3000_yAccel_offset            
00002ff0  Cma3000_zAccel_offset            
00002ff1  bDetectCard                      
00002ff2  USB_TX_memcpy                    
00002ff6  USB_RX_memcpy                    
00002ffa  _lock                            
00002ffe  _unlock                          
00003002  _cleanup_ptr                     
00003006  _dtors_ptr                       
0000300a  mouseReport                      
0000300e  sendNewMousePosition             
00003010  buttonDebounce                   
00003012  buttonsPressed                   
00003014  positionData                     
00003016  positionDataOld                  
00003018  INS                              
0000301c  isMSCConfigured                  
00003020  temp_value                       
00003022  __end__                          
00003022  end                              
00004360  _stack                           
00004400  __STACK_END                      
00004400  iUsbInterruptHandler             
00004578  Port1_ISR                        
000045b4  Port2_ISR                        
000045f0  _c_int00                         
00004626  WDT_ISR                          
00004640  TIMER2_A0_ISR                    
00004658  ADC12_ISR                        
0000466e  __TI_ISR_TRAP                    
00004674  __cinit__                        
00004674  cinit                            
000047c0  MSCFromHostToBuffer              
0000495e  CdcToHostFromBuffer              
00004acc  HidToHostFromBuffer              
00004c38  MSCToHostFromBuffer              
00004d9a  HidToBufferFromHost              
00004ef4  USB_reset                        
0000504c  __fs_sub                         
00005052  __fs_add                         
0000517c  CdcToBufferFromHost              
000052aa  Board_init                       
0000538e  Init_FLL                         
00005540  __fs_mpy                         
000055f6  readDS18B20andDisplay            
0000569a  main                             
0000573c  Cma3000_init                     
000057d6  usbDecodeAndProcessUsbRequest    
000058fa  Dogs102x6_charDraw               
00005984  USB_enable                       
00005a0c  CopyUsbToBuff                    
00005a90  HidCopyUsbToBuff                 
00005b14  _auto_init_hold_wdt              
00005b96  Dogs102x6_stringDraw             
00005c10  Dogs102x6_init                   
00005c88  DS18b20_read_byte                
00005cfc  usbSendNextPacketOnIEP0          
00005d70  usbGetEndpointStatus             
00005de0  Dogs102x6_writeData              
00005e4e  MscCopyUsbToBuff                 
00005ebc  DS18b20_Init                     
00005f26  usbClearEndpointFeature          
00005f8e  Msc_ResetStruct                  
00005ff2  Reset_RequestSenseResponse       
00006056  get_one_temperature              
000060ba  Dogs102x6_setAddress             
00006112  DS18b20_write_byte               
00006168  OEP0InterruptHandler             
000061b6  Cma3000_readRegister             
00006200  Cma3000_writeRegister            
0000624a  PWRVBUSoffHandler                
00006292  SetupPacketInterruptHandler      
000062da  usbReceiveNextPacketOnOEP0       
00006322  __fs_tou                         
00006368  usbGetStringDescriptor           
000063ac  usbSetEndpointFeature            
000063f0  USBMSC_reset                     
00006432  Cma3000_readAccel                
00006472  usbGetLineCoding0                
000064b2  usbSetInterface                  
000064f2  Dogs102x6_setBacklight           
00006530  SetVCore                         
0000656e  L_LSL_15                         
00006572  L_LSL_14                         
00006576  L_LSL_13                         
0000657a  L_LSL_12                         
0000657e  L_LSL_11                         
00006582  L_LSL_10                         
00006586  L_LSL_9                          
0000658a  L_LSL_8                          
0000658e  L_LSL_7                          
00006592  L_LSL_6                          
00006596  L_LSL_5                          
0000659a  L_LSL_4                          
0000659e  L_LSL_3                          
000065a2  L_LSL_2                          
000065a6  L_LSL_1                          
000065ac  L_LSR_15                         
000065b0  L_LSR_14                         
000065b4  L_LSR_13                         
000065b8  L_LSR_12                         
000065bc  L_LSR_11                         
000065c0  L_LSR_10                         
000065c4  L_LSR_9                          
000065c8  L_LSR_8                          
000065cc  L_LSR_7                          
000065d0  L_LSR_6                          
000065d4  L_LSR_5                          
000065d8  L_LSR_4                          
000065dc  L_LSR_3                          
000065e0  L_LSR_2                          
000065e4  L_LSR_1                          
000065ea  Dogs102x6_writeCommand           
00006626  LFXT_Start                       
0000665e  Dogs102x6_clearScreen            
00006694  PWRVBUSonHandler                 
000066ca  CdcIsReceiveInProgress           
000066fc  Dogs102x6_setContrast            
0000672e  HidIsReceiveInProgress           
00006760  Init_FLL_Settle                  
00006792  USB_suspend                      
000067c4  Dogs102x6_backlightInit          
000067f4  XT2_Start                        
00006824  Handler_SetLineCoding0           
00006852  Handler_SetLineCoding1           
00006880  Handler_SetLineCoding2           
000068ae  MscResetData                     
000068dc  exit                             
0000690a  __divi                           
0000690a  __remi                           
00006936  usbGetHidDescriptor              
00006962  CdcResetData                     
0000698c  HidResetData                     
000069b6  memcpy                           
000069e0  USB_connect                      
00006a08  usbGetDeviceStatus               
00006a30  Wheel_init                       
00006a56  _args_main                       
00006a7c  __mpyl                           
00006aa2  __fs_utof                        
00006ac6  __mpyl_f5hw                      
00006ae8  memset                           
00006b08  usbSendDataPacketOnEP0           
00006b28  usbSetConfiguration              
00006b46  IEP0InterruptHandler             
00006b62  usbGetInterface                  
00006b7c  usbGetInterfaceStatus            
00006b96  usbSetAddress                    
00006bb0  Cma3000_readAccel_offset         
00006bc8  Get_MaxLUN                       
00006be0  USB_resume                       
00006bf8  __divu                           
00006bf8  __remu                           
00006c0e  __mpyi_f5hw                      
00006c24  usbGetReport                     
00006c3a  USB_handleVbusOnEvent            
00006c4e  __mpyi                           
00006c62  Buttons_interruptEnable          
00006c74  usbClearDeviceFeature            
00006c86  usbGetConfigurationDescriptor    
00006c98  usbGetDeviceDescriptor           
00006caa  usbReceiveDataPacketOnEP0        
00006cbc  usbSetDeviceFeature              
00006cce  Buttons_startWDT                 
00006cde  usbGetConfiguration              
00006cee  Buttons_init                     
00006cfc  Cma3000_setAccel_offset          
00006d0a  Msc_ResetStateMachine            
00006d18  usbGetReportDescriptor           
00006d26  usbSendZeroLengthPacketOnIEP0    
00006d34  usbInvalidRequest                
00006d40  _system_pre_init                 
00006d4a  I_ASR                            
00006d54  I_LSL                            
00006d5e  I_LSR                            
00006d68  usbStallEndpoint0                
00006d72  Handler_InFeature                
00006d7a  usbSetLineCoding0                
00006d82  usbSetReport                     
00006d8a  Msc_ResetFlags                   
00006d90  usbClearOEP0ByteCount            
00006d96  usbStallOEP0                     
00006d9c  USBCDC_handleDataReceived        
00006da0  USBCDC_handleReceiveCompleted    
00006da4  USBCDC_handleSendCompleted       
00006da8  USBHID_handleDataReceived        
00006dac  USBHID_handleReceiveCompleted    
00006db0  USBHID_handleSendCompleted       
00006db4  USBMSC_handleBufferEvent         
00006db8  USB_handleClockEvent             
00006dbc  USB_handleEnumCompleteEvent      
00006dc0  USB_handleResetEvent             
00006dc4  USB_handleResumeEvent            
00006dc8  USB_handleSuspendEvent           
00006dcc  USB_handleVbusOffEvent           
00006dd0  C$$EXIT                          
00006dd0  abort                            
00006dd4  usbSetControlLineState           
00006dd8  Handler_InReport                 
00006dda  _nop                             
00007028  tUsbRequestList                  
00007186  abromStringDescriptor            
0000727a  abromConfigurationDescriptorGroup
00007344  abromReportDescriptor            
00007378  stUsbHandle                      
000073ba  abromDeviceDescriptor            
000073cc  Report_Luns                      
000073dc  BYTES_PER_BLOCK                  
0000ff80  __TI_int00                       
0000ff82  __TI_int01                       
0000ff84  __TI_int02                       
0000ff86  __TI_int03                       
0000ff88  __TI_int04                       
0000ff8a  __TI_int05                       
0000ff8c  __TI_int06                       
0000ff8e  __TI_int07                       
0000ff90  __TI_int08                       
0000ff92  __TI_int09                       
0000ff94  __TI_int10                       
0000ff96  __TI_int11                       
0000ff98  __TI_int12                       
0000ff9a  __TI_int13                       
0000ff9c  __TI_int14                       
0000ff9e  __TI_int15                       
0000ffa0  __TI_int16                       
0000ffa2  __TI_int17                       
0000ffa4  __TI_int18                       
0000ffa6  __TI_int19                       
0000ffa8  __TI_int20                       
0000ffaa  __TI_int21                       
0000ffac  __TI_int22                       
0000ffae  __TI_int23                       
0000ffb0  __TI_int24                       
0000ffb2  __TI_int25                       
0000ffb4  __TI_int26                       
0000ffb6  __TI_int27                       
0000ffb8  __TI_int28                       
0000ffba  __TI_int29                       
0000ffbc  __TI_int30                       
0000ffbe  __TI_int31                       
0000ffc0  __TI_int32                       
0000ffc2  __TI_int33                       
0000ffc4  __TI_int34                       
0000ffc6  __TI_int35                       
0000ffc8  __TI_int36                       
0000ffca  __TI_int37                       
0000ffcc  __TI_int38                       
0000ffce  __TI_int39                       
0000ffd0  __TI_int40                       
0000ffd2  __TI_int41                       
0000ffd4  __TI_int42                       
0000ffd6  __TI_int43                       
0000ffd8  __TI_int44                       
0000ffda  __TI_int45                       
0000ffdc  __TI_int46                       
0000ffde  __TI_int47                       
0000ffe0  __TI_int48                       
0000ffe2  __TI_int49                       
0000ffe4  __TI_int50                       
0000ffe6  __TI_int51                       
0000ffe8  __TI_int52                       
0000ffea  __TI_int53                       
0000ffec  __TI_int54                       
0000ffee  __TI_int55                       
0000fff0  __TI_int56                       
0000fff2  __TI_int57                       
0000fff4  __TI_int58                       
0000fff6  __TI_int59                       
0000fff8  __TI_int60                       
0000fffa  __TI_int61                       
0000fffc  __TI_int62                       
0000fffe  _reset_vector                    
ffffffff  .text                            
ffffffff  __binit__                        
ffffffff  __c_args__                       
ffffffff  __etext__                        
ffffffff  __pinit__                        
ffffffff  __text__                         
ffffffff  binit                            
ffffffff  etext                            
ffffffff  pinit                            

[1098 symbols]
