<?xml version="1.0"?>
<link_info>
   <banner>MSP430 Linker PC v4.4.3</banner>
   <copyright>Copyright (c) 2003-2015 Texas Instruments Incorporated</copyright>
   <link_time>0x5fdcaa8b</link_time>
   <link_errors>0x0</link_errors>
   <output_file>LAB7.out</output_file>
   <entry_point>
      <name>_c_int00</name>
      <address>0x45f0</address>
   </entry_point>
   <input_file_list>
      <input_file id="fl-2">
         <path>.\</path>
         <kind>object</kind>
         <file>LAB7main.obj</file>
         <name>LAB7main.obj</name>
      </input_file>
      <input_file id="fl-3">
         <path>.\</path>
         <kind>object</kind>
         <file>lab7.obj</file>
         <name>lab7.obj</name>
      </input_file>
      <input_file id="fl-4">
         <path>.\</path>
         <kind>object</kind>
         <file>system_pre_init.obj</file>
         <name>system_pre_init.obj</name>
      </input_file>
      <input_file id="fl-5">
         <path>.\UserExperienceDemo\</path>
         <kind>object</kind>
         <file>mouse.obj</file>
         <name>mouse.obj</name>
      </input_file>
      <input_file id="fl-6">
         <path>.\USB\USB_config\</path>
         <kind>object</kind>
         <file>UsbIsr.obj</file>
         <name>UsbIsr.obj</name>
      </input_file>
      <input_file id="fl-7">
         <path>.\USB\USB_config\</path>
         <kind>object</kind>
         <file>descriptors.obj</file>
         <name>descriptors.obj</name>
      </input_file>
      <input_file id="fl-8">
         <path>.\USB\USB_User\</path>
         <kind>object</kind>
         <file>UsbMscUser.obj</file>
         <name>UsbMscUser.obj</name>
      </input_file>
      <input_file id="fl-9">
         <path>.\USB\USB_User\</path>
         <kind>object</kind>
         <file>usbConstructs.obj</file>
         <name>usbConstructs.obj</name>
      </input_file>
      <input_file id="fl-a">
         <path>.\USB\USB_User\</path>
         <kind>object</kind>
         <file>usb_eventHandling.obj</file>
         <name>usb_eventHandling.obj</name>
      </input_file>
      <input_file id="fl-14">
         <path>..\</path>
         <kind>archive</kind>
         <file>MSP-EXP430F5529_UE.lib</file>
         <name>HAL_UCS.obj</name>
      </input_file>
      <input_file id="fl-15">
         <path>..\</path>
         <kind>archive</kind>
         <file>MSP-EXP430F5529_UE.lib</file>
         <name>HAL_PMM.obj</name>
      </input_file>
      <input_file id="fl-16">
         <path>..\</path>
         <kind>archive</kind>
         <file>MSP-EXP430F5529_UE.lib</file>
         <name>HAL_Wheel.obj</name>
      </input_file>
      <input_file id="fl-17">
         <path>..\</path>
         <kind>archive</kind>
         <file>MSP-EXP430F5529_UE.lib</file>
         <name>HAL_Dogs102x6.obj</name>
      </input_file>
      <input_file id="fl-18">
         <path>..\</path>
         <kind>archive</kind>
         <file>MSP-EXP430F5529_UE.lib</file>
         <name>HAL_Cma3000.obj</name>
      </input_file>
      <input_file id="fl-19">
         <path>..\</path>
         <kind>archive</kind>
         <file>MSP-EXP430F5529_UE.lib</file>
         <name>HAL_Buttons.obj</name>
      </input_file>
      <input_file id="fl-1a">
         <path>..\</path>
         <kind>archive</kind>
         <file>MSP-EXP430F5529_UE.lib</file>
         <name>HAL_Board.obj</name>
      </input_file>
      <input_file id="fl-1b">
         <path>..\</path>
         <kind>archive</kind>
         <file>MSP-EXP430F5529_UE.lib</file>
         <name>UsbCdc.obj</name>
      </input_file>
      <input_file id="fl-1c">
         <path>..\</path>
         <kind>archive</kind>
         <file>MSP-EXP430F5529_UE.lib</file>
         <name>usb.obj</name>
      </input_file>
      <input_file id="fl-1d">
         <path>..\</path>
         <kind>archive</kind>
         <file>MSP-EXP430F5529_UE.lib</file>
         <name>dma.obj</name>
      </input_file>
      <input_file id="fl-1e">
         <path>..\</path>
         <kind>archive</kind>
         <file>MSP-EXP430F5529_UE.lib</file>
         <name>UsbHidReq.obj</name>
      </input_file>
      <input_file id="fl-1f">
         <path>..\</path>
         <kind>archive</kind>
         <file>MSP-EXP430F5529_UE.lib</file>
         <name>UsbHidReportHandler.obj</name>
      </input_file>
      <input_file id="fl-20">
         <path>..\</path>
         <kind>archive</kind>
         <file>MSP-EXP430F5529_UE.lib</file>
         <name>UsbHid.obj</name>
      </input_file>
      <input_file id="fl-21">
         <path>..\</path>
         <kind>archive</kind>
         <file>MSP-EXP430F5529_UE.lib</file>
         <name>UsbMscScsi.obj</name>
      </input_file>
      <input_file id="fl-22">
         <path>..\</path>
         <kind>archive</kind>
         <file>MSP-EXP430F5529_UE.lib</file>
         <name>UsbMscReq.obj</name>
      </input_file>
      <input_file id="fl-23">
         <path>..\</path>
         <kind>archive</kind>
         <file>MSP-EXP430F5529_UE.lib</file>
         <name>MassStorageCommon.obj</name>
      </input_file>
      <input_file id="fl-24">
         <path>..\</path>
         <kind>archive</kind>
         <file>MSP-EXP430F5529_UE.lib</file>
         <name>MassStorage.obj</name>
      </input_file>
      <input_file id="fl-25">
         <path>..\</path>
         <kind>archive</kind>
         <file>MSP-EXP430F5529_UE.lib</file>
         <name>HAL_TLV.obj</name>
      </input_file>
      <input_file id="fl-26">
         <path>..\</path>
         <kind>archive</kind>
         <file>MSP-EXP430F5529_UE.lib</file>
         <name>mmc.obj</name>
      </input_file>
      <input_file id="fl-27">
         <path>..\</path>
         <kind>archive</kind>
         <file>MSP-EXP430F5529_UE.lib</file>
         <name>HAL_SDCard.obj</name>
      </input_file>
      <input_file id="fl-28">
         <path>..\</path>
         <kind>archive</kind>
         <file>MSP-EXP430F5529_UE.lib</file>
         <name>UsbMscStateMachine.obj</name>
      </input_file>
      <input_file id="fl-29">
         <path>..\</path>
         <kind>archive</kind>
         <file>rts430xl.lib</file>
         <name>asr16.obj</name>
      </input_file>
      <input_file id="fl-2a">
         <path>..\</path>
         <kind>archive</kind>
         <file>rts430xl.lib</file>
         <name>boot.obj</name>
      </input_file>
      <input_file id="fl-2b">
         <path>..\</path>
         <kind>archive</kind>
         <file>rts430xl.lib</file>
         <name>copy_decompress_none.obj</name>
      </input_file>
      <input_file id="fl-2c">
         <path>..\</path>
         <kind>archive</kind>
         <file>rts430xl.lib</file>
         <name>copy_decompress_rle.obj</name>
      </input_file>
      <input_file id="fl-2d">
         <path>..\</path>
         <kind>archive</kind>
         <file>rts430xl.lib</file>
         <name>copy_zero_init.obj</name>
      </input_file>
      <input_file id="fl-2e">
         <path>..\</path>
         <kind>archive</kind>
         <file>rts430xl.lib</file>
         <name>div16s.obj</name>
      </input_file>
      <input_file id="fl-2f">
         <path>..\</path>
         <kind>archive</kind>
         <file>rts430xl.lib</file>
         <name>div16u.obj</name>
      </input_file>
      <input_file id="fl-30">
         <path>..\</path>
         <kind>archive</kind>
         <file>rts430xl.lib</file>
         <name>exit.obj</name>
      </input_file>
      <input_file id="fl-31">
         <path>..\</path>
         <kind>archive</kind>
         <file>rts430xl.lib</file>
         <name>fs_add.obj</name>
      </input_file>
      <input_file id="fl-32">
         <path>..\</path>
         <kind>archive</kind>
         <file>rts430xl.lib</file>
         <name>fs_mpy.obj</name>
      </input_file>
      <input_file id="fl-33">
         <path>..\</path>
         <kind>archive</kind>
         <file>rts430xl.lib</file>
         <name>fs_tou.obj</name>
      </input_file>
      <input_file id="fl-34">
         <path>..\</path>
         <kind>archive</kind>
         <file>rts430xl.lib</file>
         <name>fs_utof.obj</name>
      </input_file>
      <input_file id="fl-35">
         <path>..\</path>
         <kind>archive</kind>
         <file>rts430xl.lib</file>
         <name>lsl16.obj</name>
      </input_file>
      <input_file id="fl-36">
         <path>..\</path>
         <kind>archive</kind>
         <file>rts430xl.lib</file>
         <name>lsl32.obj</name>
      </input_file>
      <input_file id="fl-37">
         <path>..\</path>
         <kind>archive</kind>
         <file>rts430xl.lib</file>
         <name>lsr16.obj</name>
      </input_file>
      <input_file id="fl-38">
         <path>..\</path>
         <kind>archive</kind>
         <file>rts430xl.lib</file>
         <name>lsr32.obj</name>
      </input_file>
      <input_file id="fl-39">
         <path>..\</path>
         <kind>archive</kind>
         <file>rts430xl.lib</file>
         <name>memcpy.obj</name>
      </input_file>
      <input_file id="fl-3a">
         <path>..\</path>
         <kind>archive</kind>
         <file>rts430xl.lib</file>
         <name>memset.obj</name>
      </input_file>
      <input_file id="fl-3b">
         <path>..\</path>
         <kind>archive</kind>
         <file>rts430xl.lib</file>
         <name>mult16.obj</name>
      </input_file>
      <input_file id="fl-3c">
         <path>..\</path>
         <kind>archive</kind>
         <file>rts430xl.lib</file>
         <name>mult1632_f5hw.obj</name>
      </input_file>
      <input_file id="fl-3d">
         <path>..\</path>
         <kind>archive</kind>
         <file>rts430xl.lib</file>
         <name>mult16_f5hw.obj</name>
      </input_file>
      <input_file id="fl-3e">
         <path>..\</path>
         <kind>archive</kind>
         <file>rts430xl.lib</file>
         <name>mult32.obj</name>
      </input_file>
      <input_file id="fl-3f">
         <path>..\</path>
         <kind>archive</kind>
         <file>rts430xl.lib</file>
         <name>mult3264_f5hw.obj</name>
      </input_file>
      <input_file id="fl-40">
         <path>..\</path>
         <kind>archive</kind>
         <file>rts430xl.lib</file>
         <name>mult32_f5hw.obj</name>
      </input_file>
      <input_file id="fl-41">
         <path>..\</path>
         <kind>archive</kind>
         <file>rts430xl.lib</file>
         <name>mult64_hw32.obj</name>
      </input_file>
      <input_file id="fl-42">
         <path>..\</path>
         <kind>archive</kind>
         <file>rts430xl.lib</file>
         <name>_lock.obj</name>
      </input_file>
      <input_file id="fl-43">
         <path>..\</path>
         <kind>archive</kind>
         <file>rts430xl.lib</file>
         <name>args_main.obj</name>
      </input_file>
      <input_file id="fl-44">
         <path>..\</path>
         <kind>archive</kind>
         <file>rts430xl.lib</file>
         <name>mult3264.obj</name>
      </input_file>
      <input_file id="fl-45">
         <path>..\</path>
         <kind>archive</kind>
         <file>rts430xl.lib</file>
         <name>mult64.obj</name>
      </input_file>
      <input_file id="fl-46">
         <path>..\</path>
         <kind>archive</kind>
         <file>rts430xl.lib</file>
         <name>mult1632.obj</name>
      </input_file>
      <input_file id="fl-70">
         <path>C:\ti\ccsv6\tools\compiler\ti-cgt-msp430_4.4.3\lib\</path>
         <kind>archive</kind>
         <file>rts430xl.lib</file>
         <name>autoinit_wdt.obj</name>
      </input_file>
      <input_file id="fl-71">
         <path>C:\ti\ccsv6\tools\compiler\ti-cgt-msp430_4.4.3\lib\</path>
         <kind>archive</kind>
         <file>rts430xl.lib</file>
         <name>boot_special.obj</name>
      </input_file>
      <input_file id="fl-72">
         <path>C:\ti\ccsv6\tools\compiler\ti-cgt-msp430_4.4.3\lib\</path>
         <kind>archive</kind>
         <file>rts430xl.lib</file>
         <name>int00.obj</name>
      </input_file>
      <input_file id="fl-73">
         <path>C:\ti\ccsv6\tools\compiler\ti-cgt-msp430_4.4.3\lib\</path>
         <kind>archive</kind>
         <file>rts430xl.lib</file>
         <name>int01.obj</name>
      </input_file>
      <input_file id="fl-74">
         <path>C:\ti\ccsv6\tools\compiler\ti-cgt-msp430_4.4.3\lib\</path>
         <kind>archive</kind>
         <file>rts430xl.lib</file>
         <name>int02.obj</name>
      </input_file>
      <input_file id="fl-75">
         <path>C:\ti\ccsv6\tools\compiler\ti-cgt-msp430_4.4.3\lib\</path>
         <kind>archive</kind>
         <file>rts430xl.lib</file>
         <name>int03.obj</name>
      </input_file>
      <input_file id="fl-76">
         <path>C:\ti\ccsv6\tools\compiler\ti-cgt-msp430_4.4.3\lib\</path>
         <kind>archive</kind>
         <file>rts430xl.lib</file>
         <name>int04.obj</name>
      </input_file>
      <input_file id="fl-77">
         <path>C:\ti\ccsv6\tools\compiler\ti-cgt-msp430_4.4.3\lib\</path>
         <kind>archive</kind>
         <file>rts430xl.lib</file>
         <name>int05.obj</name>
      </input_file>
      <input_file id="fl-78">
         <path>C:\ti\ccsv6\tools\compiler\ti-cgt-msp430_4.4.3\lib\</path>
         <kind>archive</kind>
         <file>rts430xl.lib</file>
         <name>int06.obj</name>
      </input_file>
      <input_file id="fl-79">
         <path>C:\ti\ccsv6\tools\compiler\ti-cgt-msp430_4.4.3\lib\</path>
         <kind>archive</kind>
         <file>rts430xl.lib</file>
         <name>int07.obj</name>
      </input_file>
      <input_file id="fl-7a">
         <path>C:\ti\ccsv6\tools\compiler\ti-cgt-msp430_4.4.3\lib\</path>
         <kind>archive</kind>
         <file>rts430xl.lib</file>
         <name>int08.obj</name>
      </input_file>
      <input_file id="fl-7b">
         <path>C:\ti\ccsv6\tools\compiler\ti-cgt-msp430_4.4.3\lib\</path>
         <kind>archive</kind>
         <file>rts430xl.lib</file>
         <name>int09.obj</name>
      </input_file>
      <input_file id="fl-7c">
         <path>C:\ti\ccsv6\tools\compiler\ti-cgt-msp430_4.4.3\lib\</path>
         <kind>archive</kind>
         <file>rts430xl.lib</file>
         <name>int10.obj</name>
      </input_file>
      <input_file id="fl-7d">
         <path>C:\ti\ccsv6\tools\compiler\ti-cgt-msp430_4.4.3\lib\</path>
         <kind>archive</kind>
         <file>rts430xl.lib</file>
         <name>int11.obj</name>
      </input_file>
      <input_file id="fl-7e">
         <path>C:\ti\ccsv6\tools\compiler\ti-cgt-msp430_4.4.3\lib\</path>
         <kind>archive</kind>
         <file>rts430xl.lib</file>
         <name>int12.obj</name>
      </input_file>
      <input_file id="fl-7f">
         <path>C:\ti\ccsv6\tools\compiler\ti-cgt-msp430_4.4.3\lib\</path>
         <kind>archive</kind>
         <file>rts430xl.lib</file>
         <name>int13.obj</name>
      </input_file>
      <input_file id="fl-80">
         <path>C:\ti\ccsv6\tools\compiler\ti-cgt-msp430_4.4.3\lib\</path>
         <kind>archive</kind>
         <file>rts430xl.lib</file>
         <name>int14.obj</name>
      </input_file>
      <input_file id="fl-81">
         <path>C:\ti\ccsv6\tools\compiler\ti-cgt-msp430_4.4.3\lib\</path>
         <kind>archive</kind>
         <file>rts430xl.lib</file>
         <name>int15.obj</name>
      </input_file>
      <input_file id="fl-82">
         <path>C:\ti\ccsv6\tools\compiler\ti-cgt-msp430_4.4.3\lib\</path>
         <kind>archive</kind>
         <file>rts430xl.lib</file>
         <name>int16.obj</name>
      </input_file>
      <input_file id="fl-83">
         <path>C:\ti\ccsv6\tools\compiler\ti-cgt-msp430_4.4.3\lib\</path>
         <kind>archive</kind>
         <file>rts430xl.lib</file>
         <name>int17.obj</name>
      </input_file>
      <input_file id="fl-84">
         <path>C:\ti\ccsv6\tools\compiler\ti-cgt-msp430_4.4.3\lib\</path>
         <kind>archive</kind>
         <file>rts430xl.lib</file>
         <name>int18.obj</name>
      </input_file>
      <input_file id="fl-85">
         <path>C:\ti\ccsv6\tools\compiler\ti-cgt-msp430_4.4.3\lib\</path>
         <kind>archive</kind>
         <file>rts430xl.lib</file>
         <name>int19.obj</name>
      </input_file>
      <input_file id="fl-86">
         <path>C:\ti\ccsv6\tools\compiler\ti-cgt-msp430_4.4.3\lib\</path>
         <kind>archive</kind>
         <file>rts430xl.lib</file>
         <name>int20.obj</name>
      </input_file>
      <input_file id="fl-87">
         <path>C:\ti\ccsv6\tools\compiler\ti-cgt-msp430_4.4.3\lib\</path>
         <kind>archive</kind>
         <file>rts430xl.lib</file>
         <name>int21.obj</name>
      </input_file>
      <input_file id="fl-88">
         <path>C:\ti\ccsv6\tools\compiler\ti-cgt-msp430_4.4.3\lib\</path>
         <kind>archive</kind>
         <file>rts430xl.lib</file>
         <name>int22.obj</name>
      </input_file>
      <input_file id="fl-89">
         <path>C:\ti\ccsv6\tools\compiler\ti-cgt-msp430_4.4.3\lib\</path>
         <kind>archive</kind>
         <file>rts430xl.lib</file>
         <name>int23.obj</name>
      </input_file>
      <input_file id="fl-8a">
         <path>C:\ti\ccsv6\tools\compiler\ti-cgt-msp430_4.4.3\lib\</path>
         <kind>archive</kind>
         <file>rts430xl.lib</file>
         <name>int24.obj</name>
      </input_file>
      <input_file id="fl-8b">
         <path>C:\ti\ccsv6\tools\compiler\ti-cgt-msp430_4.4.3\lib\</path>
         <kind>archive</kind>
         <file>rts430xl.lib</file>
         <name>int25.obj</name>
      </input_file>
      <input_file id="fl-8c">
         <path>C:\ti\ccsv6\tools\compiler\ti-cgt-msp430_4.4.3\lib\</path>
         <kind>archive</kind>
         <file>rts430xl.lib</file>
         <name>int26.obj</name>
      </input_file>
      <input_file id="fl-8d">
         <path>C:\ti\ccsv6\tools\compiler\ti-cgt-msp430_4.4.3\lib\</path>
         <kind>archive</kind>
         <file>rts430xl.lib</file>
         <name>int27.obj</name>
      </input_file>
      <input_file id="fl-8e">
         <path>C:\ti\ccsv6\tools\compiler\ti-cgt-msp430_4.4.3\lib\</path>
         <kind>archive</kind>
         <file>rts430xl.lib</file>
         <name>int28.obj</name>
      </input_file>
      <input_file id="fl-8f">
         <path>C:\ti\ccsv6\tools\compiler\ti-cgt-msp430_4.4.3\lib\</path>
         <kind>archive</kind>
         <file>rts430xl.lib</file>
         <name>int29.obj</name>
      </input_file>
      <input_file id="fl-90">
         <path>C:\ti\ccsv6\tools\compiler\ti-cgt-msp430_4.4.3\lib\</path>
         <kind>archive</kind>
         <file>rts430xl.lib</file>
         <name>int30.obj</name>
      </input_file>
      <input_file id="fl-91">
         <path>C:\ti\ccsv6\tools\compiler\ti-cgt-msp430_4.4.3\lib\</path>
         <kind>archive</kind>
         <file>rts430xl.lib</file>
         <name>int31.obj</name>
      </input_file>
      <input_file id="fl-92">
         <path>C:\ti\ccsv6\tools\compiler\ti-cgt-msp430_4.4.3\lib\</path>
         <kind>archive</kind>
         <file>rts430xl.lib</file>
         <name>int32.obj</name>
      </input_file>
      <input_file id="fl-93">
         <path>C:\ti\ccsv6\tools\compiler\ti-cgt-msp430_4.4.3\lib\</path>
         <kind>archive</kind>
         <file>rts430xl.lib</file>
         <name>int33.obj</name>
      </input_file>
      <input_file id="fl-94">
         <path>C:\ti\ccsv6\tools\compiler\ti-cgt-msp430_4.4.3\lib\</path>
         <kind>archive</kind>
         <file>rts430xl.lib</file>
         <name>int34.obj</name>
      </input_file>
      <input_file id="fl-95">
         <path>C:\ti\ccsv6\tools\compiler\ti-cgt-msp430_4.4.3\lib\</path>
         <kind>archive</kind>
         <file>rts430xl.lib</file>
         <name>int35.obj</name>
      </input_file>
      <input_file id="fl-96">
         <path>C:\ti\ccsv6\tools\compiler\ti-cgt-msp430_4.4.3\lib\</path>
         <kind>archive</kind>
         <file>rts430xl.lib</file>
         <name>int36.obj</name>
      </input_file>
      <input_file id="fl-97">
         <path>C:\ti\ccsv6\tools\compiler\ti-cgt-msp430_4.4.3\lib\</path>
         <kind>archive</kind>
         <file>rts430xl.lib</file>
         <name>int37.obj</name>
      </input_file>
      <input_file id="fl-98">
         <path>C:\ti\ccsv6\tools\compiler\ti-cgt-msp430_4.4.3\lib\</path>
         <kind>archive</kind>
         <file>rts430xl.lib</file>
         <name>int38.obj</name>
      </input_file>
      <input_file id="fl-99">
         <path>C:\ti\ccsv6\tools\compiler\ti-cgt-msp430_4.4.3\lib\</path>
         <kind>archive</kind>
         <file>rts430xl.lib</file>
         <name>int39.obj</name>
      </input_file>
      <input_file id="fl-9a">
         <path>C:\ti\ccsv6\tools\compiler\ti-cgt-msp430_4.4.3\lib\</path>
         <kind>archive</kind>
         <file>rts430xl.lib</file>
         <name>int40.obj</name>
      </input_file>
      <input_file id="fl-9b">
         <path>C:\ti\ccsv6\tools\compiler\ti-cgt-msp430_4.4.3\lib\</path>
         <kind>archive</kind>
         <file>rts430xl.lib</file>
         <name>int41.obj</name>
      </input_file>
      <input_file id="fl-9c">
         <path>C:\ti\ccsv6\tools\compiler\ti-cgt-msp430_4.4.3\lib\</path>
         <kind>archive</kind>
         <file>rts430xl.lib</file>
         <name>int43.obj</name>
      </input_file>
      <input_file id="fl-9d">
         <path>C:\ti\ccsv6\tools\compiler\ti-cgt-msp430_4.4.3\lib\</path>
         <kind>archive</kind>
         <file>rts430xl.lib</file>
         <name>int45.obj</name>
      </input_file>
      <input_file id="fl-9e">
         <path>C:\ti\ccsv6\tools\compiler\ti-cgt-msp430_4.4.3\lib\</path>
         <kind>archive</kind>
         <file>rts430xl.lib</file>
         <name>int46.obj</name>
      </input_file>
      <input_file id="fl-9f">
         <path>C:\ti\ccsv6\tools\compiler\ti-cgt-msp430_4.4.3\lib\</path>
         <kind>archive</kind>
         <file>rts430xl.lib</file>
         <name>int48.obj</name>
      </input_file>
      <input_file id="fl-a0">
         <path>C:\ti\ccsv6\tools\compiler\ti-cgt-msp430_4.4.3\lib\</path>
         <kind>archive</kind>
         <file>rts430xl.lib</file>
         <name>int49.obj</name>
      </input_file>
      <input_file id="fl-a1">
         <path>C:\ti\ccsv6\tools\compiler\ti-cgt-msp430_4.4.3\lib\</path>
         <kind>archive</kind>
         <file>rts430xl.lib</file>
         <name>int50.obj</name>
      </input_file>
      <input_file id="fl-a2">
         <path>C:\ti\ccsv6\tools\compiler\ti-cgt-msp430_4.4.3\lib\</path>
         <kind>archive</kind>
         <file>rts430xl.lib</file>
         <name>int52.obj</name>
      </input_file>
      <input_file id="fl-a3">
         <path>C:\ti\ccsv6\tools\compiler\ti-cgt-msp430_4.4.3\lib\</path>
         <kind>archive</kind>
         <file>rts430xl.lib</file>
         <name>int53.obj</name>
      </input_file>
      <input_file id="fl-a4">
         <path>C:\ti\ccsv6\tools\compiler\ti-cgt-msp430_4.4.3\lib\</path>
         <kind>archive</kind>
         <file>rts430xl.lib</file>
         <name>int55.obj</name>
      </input_file>
      <input_file id="fl-a5">
         <path>C:\ti\ccsv6\tools\compiler\ti-cgt-msp430_4.4.3\lib\</path>
         <kind>archive</kind>
         <file>rts430xl.lib</file>
         <name>int56.obj</name>
      </input_file>
      <input_file id="fl-a6">
         <path>C:\ti\ccsv6\tools\compiler\ti-cgt-msp430_4.4.3\lib\</path>
         <kind>archive</kind>
         <file>rts430xl.lib</file>
         <name>int58.obj</name>
      </input_file>
      <input_file id="fl-a7">
         <path>C:\ti\ccsv6\tools\compiler\ti-cgt-msp430_4.4.3\lib\</path>
         <kind>archive</kind>
         <file>rts430xl.lib</file>
         <name>int59.obj</name>
      </input_file>
      <input_file id="fl-a8">
         <path>C:\ti\ccsv6\tools\compiler\ti-cgt-msp430_4.4.3\lib\</path>
         <kind>archive</kind>
         <file>rts430xl.lib</file>
         <name>int60.obj</name>
      </input_file>
      <input_file id="fl-a9">
         <path>C:\ti\ccsv6\tools\compiler\ti-cgt-msp430_4.4.3\lib\</path>
         <kind>archive</kind>
         <file>rts430xl.lib</file>
         <name>int61.obj</name>
      </input_file>
      <input_file id="fl-aa">
         <path>C:\ti\ccsv6\tools\compiler\ti-cgt-msp430_4.4.3\lib\</path>
         <kind>archive</kind>
         <file>rts430xl.lib</file>
         <name>int62.obj</name>
      </input_file>
      <input_file id="fl-ab">
         <path>C:\ti\ccsv6\tools\compiler\ti-cgt-msp430_4.4.3\lib\</path>
         <kind>archive</kind>
         <file>rts430xl.lib</file>
         <name>isr_trap.obj</name>
      </input_file>
      <input_file id="fl-ac">
         <path>C:\ti\ccsv6\tools\compiler\ti-cgt-msp430_4.4.3\lib\</path>
         <kind>archive</kind>
         <file>rts430xl.lib</file>
         <name>mpu_init.obj</name>
      </input_file>
   </input_file_list>
   <object_component_list>
      <object_component id="oc-a2">
         <name>.bss</name>
         <uninitialized>true</uninitialized>
         <run_address>0x3020</run_address>
         <size>0x2</size>
         <input_file_ref idref="fl-3"/>
      </object_component>
      <object_component id="oc-ae">
         <name>.bss</name>
         <uninitialized>true</uninitialized>
         <run_address>0x300a</run_address>
         <size>0x5</size>
         <input_file_ref idref="fl-5"/>
      </object_component>
      <object_component id="oc-be">
         <name>.bss</name>
         <uninitialized>true</uninitialized>
         <run_address>0x2fca</run_address>
         <size>0x1f</size>
         <input_file_ref idref="fl-8"/>
      </object_component>
      <object_component id="oc-d4">
         <name>.bss</name>
         <uninitialized>true</uninitialized>
         <run_address>0x3014</run_address>
         <size>0x4</size>
         <input_file_ref idref="fl-16"/>
      </object_component>
      <object_component id="oc-da">
         <name>.bss</name>
         <uninitialized>true</uninitialized>
         <run_address>0x2a14</run_address>
         <size>0x346</size>
         <input_file_ref idref="fl-17"/>
      </object_component>
      <object_component id="oc-e0">
         <name>.bss</name>
         <uninitialized>true</uninitialized>
         <run_address>0x2fe9</run_address>
         <size>0x8</size>
         <input_file_ref idref="fl-18"/>
      </object_component>
      <object_component id="oc-e5">
         <name>.bss</name>
         <uninitialized>true</uninitialized>
         <run_address>0x3010</run_address>
         <size>0x4</size>
         <input_file_ref idref="fl-19"/>
      </object_component>
      <object_component id="oc-f2">
         <name>.bss</name>
         <uninitialized>true</uninitialized>
         <run_address>0x2f78</run_address>
         <size>0x2e</size>
         <input_file_ref idref="fl-1b"/>
      </object_component>
      <object_component id="oc-f8">
         <name>.bss</name>
         <uninitialized>true</uninitialized>
         <run_address>0x2f30</run_address>
         <size>0x48</size>
         <input_file_ref idref="fl-1c"/>
      </object_component>
      <object_component id="oc-fe">
         <name>.bss</name>
         <uninitialized>true</uninitialized>
         <run_address>0x2ff2</run_address>
         <size>0x8</size>
         <input_file_ref idref="fl-1d"/>
      </object_component>
      <object_component id="oc-103">
         <name>.bss</name>
         <uninitialized>true</uninitialized>
         <run_address>0x300f</run_address>
         <size>0x1</size>
         <input_file_ref idref="fl-1e"/>
      </object_component>
      <object_component id="oc-10c">
         <name>.bss</name>
         <uninitialized>true</uninitialized>
         <run_address>0x2fa6</run_address>
         <size>0x24</size>
         <input_file_ref idref="fl-20"/>
      </object_component>
      <object_component id="oc-111">
         <name>.bss</name>
         <uninitialized>true</uninitialized>
         <run_address>0x2d5a</run_address>
         <size>0x1d6</size>
         <input_file_ref idref="fl-21"/>
      </object_component>
      <object_component id="oc-118">
         <name>.bss</name>
         <uninitialized>true</uninitialized>
         <run_address>0x301c</run_address>
         <size>0x2</size>
         <input_file_ref idref="fl-22"/>
      </object_component>
      <object_component id="oc-11e">
         <name>.bss</name>
         <uninitialized>true</uninitialized>
         <run_address>0x2400</run_address>
         <size>0x614</size>
         <input_file_ref idref="fl-23"/>
      </object_component>
      <object_component id="oc-125">
         <name>.bss</name>
         <uninitialized>true</uninitialized>
         <run_address>0x2ff1</run_address>
         <size>0x1</size>
         <input_file_ref idref="fl-24"/>
      </object_component>
      <object_component id="oc-130">
         <name>.bss</name>
         <uninitialized>true</uninitialized>
         <run_address>0x3018</run_address>
         <size>0x3</size>
         <input_file_ref idref="fl-26"/>
      </object_component>
      <object_component id="oc-13a">
         <name>.bss</name>
         <uninitialized>true</uninitialized>
         <run_address>0x301e</run_address>
         <size>0x2</size>
         <input_file_ref idref="fl-28"/>
      </object_component>
      <object_component id="oc-144">
         <name>.bss</name>
         <uninitialized>true</uninitialized>
         <run_address>0x3002</run_address>
         <size>0x8</size>
         <input_file_ref idref="fl-2a"/>
      </object_component>
      <object_component id="oc-19b">
         <name>.bss</name>
         <uninitialized>true</uninitialized>
         <run_address>0x2ffa</run_address>
         <size>0x8</size>
         <input_file_ref idref="fl-42"/>
      </object_component>
      <object_component id="oc-146">
         <name>.stack</name>
         <uninitialized>true</uninitialized>
         <run_address>0x4360</run_address>
         <size>0x4</size>
         <input_file_ref idref="fl-2a"/>
      </object_component>
      <object_component id="oc-29e">
         <name>.stack</name>
         <uninitialized>true</uninitialized>
         <run_address>0x4360</run_address>
         <size>0x0</size>
      </object_component>
      <object_component id="oc-1dc">
         <name>.text:MSCFromHostToBuffer</name>
         <load_address>0x47c0</load_address>
         <run_address>0x47c0</run_address>
         <size>0x19e</size>
         <input_file_ref idref="fl-21"/>
      </object_component>
      <object_component id="oc-1de">
         <name>.text:CdcToHostFromBuffer</name>
         <load_address>0x495e</load_address>
         <run_address>0x495e</run_address>
         <size>0x16e</size>
         <input_file_ref idref="fl-1b"/>
      </object_component>
      <object_component id="oc-1dd">
         <name>.text:HidToHostFromBuffer</name>
         <load_address>0x4acc</load_address>
         <run_address>0x4acc</run_address>
         <size>0x16c</size>
         <input_file_ref idref="fl-20"/>
      </object_component>
      <object_component id="oc-1df">
         <name>.text:MSCToHostFromBuffer</name>
         <load_address>0x4c38</load_address>
         <run_address>0x4c38</run_address>
         <size>0x162</size>
         <input_file_ref idref="fl-21"/>
      </object_component>
      <object_component id="oc-1cd">
         <name>.text:HidToBufferFromHost</name>
         <load_address>0x4d9a</load_address>
         <run_address>0x4d9a</run_address>
         <size>0x15a</size>
         <input_file_ref idref="fl-20"/>
      </object_component>
      <object_component id="oc-1d5">
         <name>.text:USB_reset</name>
         <load_address>0x4ef4</load_address>
         <run_address>0x4ef4</run_address>
         <size>0x158</size>
         <input_file_ref idref="fl-1c"/>
      </object_component>
      <object_component id="oc-15e">
         <name>.text</name>
         <load_address>0x504c</load_address>
         <run_address>0x504c</run_address>
         <size>0x130</size>
         <input_file_ref idref="fl-31"/>
      </object_component>
      <object_component id="oc-1d0">
         <name>.text:CdcToBufferFromHost</name>
         <load_address>0x517c</load_address>
         <run_address>0x517c</run_address>
         <size>0x12e</size>
         <input_file_ref idref="fl-1b"/>
      </object_component>
      <object_component id="oc-1e6">
         <name>.text:Board_init</name>
         <load_address>0x52aa</load_address>
         <run_address>0x52aa</run_address>
         <size>0xe4</size>
         <input_file_ref idref="fl-1a"/>
      </object_component>
      <object_component id="oc-20d">
         <name>.text:Init_FLL</name>
         <load_address>0x538e</load_address>
         <run_address>0x538e</run_address>
         <size>0xe4</size>
         <input_file_ref idref="fl-14"/>
      </object_component>
      <object_component id="oc-20c">
         <name>.text:SetVCoreUp</name>
         <load_address>0x5472</load_address>
         <run_address>0x5472</run_address>
         <size>0xce</size>
         <input_file_ref idref="fl-15"/>
      </object_component>
      <object_component id="oc-162">
         <name>.text</name>
         <load_address>0x5540</load_address>
         <run_address>0x5540</run_address>
         <size>0xb6</size>
         <input_file_ref idref="fl-32"/>
      </object_component>
      <object_component id="oc-1f2">
         <name>.text:readDS18B20andDisplay</name>
         <load_address>0x55f6</load_address>
         <run_address>0x55f6</run_address>
         <size>0xa4</size>
         <input_file_ref idref="fl-3"/>
      </object_component>
      <object_component id="oc-1c8">
         <name>.text:main</name>
         <load_address>0x569a</load_address>
         <run_address>0x569a</run_address>
         <size>0xa2</size>
         <input_file_ref idref="fl-2"/>
      </object_component>
      <object_component id="oc-1e3">
         <name>.text:Cma3000_init</name>
         <load_address>0x573c</load_address>
         <run_address>0x573c</run_address>
         <size>0x9a</size>
         <input_file_ref idref="fl-18"/>
      </object_component>
      <object_component id="oc-1f3">
         <name>.text:usbDecodeAndProcessUsbRequest</name>
         <load_address>0x57d6</load_address>
         <run_address>0x57d6</run_address>
         <size>0x98</size>
         <input_file_ref idref="fl-1c"/>
      </object_component>
      <object_component id="oc-20b">
         <name>.text:SetVCoreDown</name>
         <load_address>0x586e</load_address>
         <run_address>0x586e</run_address>
         <size>0x8c</size>
         <input_file_ref idref="fl-15"/>
      </object_component>
      <object_component id="oc-21e">
         <name>.text:Dogs102x6_charDraw</name>
         <load_address>0x58fa</load_address>
         <run_address>0x58fa</run_address>
         <size>0x8a</size>
         <input_file_ref idref="fl-17"/>
      </object_component>
      <object_component id="oc-1f9">
         <name>.text:USB_enable</name>
         <load_address>0x5984</load_address>
         <run_address>0x5984</run_address>
         <size>0x88</size>
         <input_file_ref idref="fl-1c"/>
      </object_component>
      <object_component id="oc-1f7">
         <name>.text:CopyUsbToBuff</name>
         <load_address>0x5a0c</load_address>
         <run_address>0x5a0c</run_address>
         <size>0x84</size>
         <input_file_ref idref="fl-1b"/>
      </object_component>
      <object_component id="oc-1f5">
         <name>.text:HidCopyUsbToBuff</name>
         <load_address>0x5a90</load_address>
         <run_address>0x5a90</run_address>
         <size>0x84</size>
         <input_file_ref idref="fl-20"/>
      </object_component>
      <object_component id="oc-1c4">
         <name>.text:_auto_init_hold_wdt</name>
         <load_address>0x5b14</load_address>
         <run_address>0x5b14</run_address>
         <size>0x82</size>
         <input_file_ref idref="fl-70"/>
      </object_component>
      <object_component id="oc-213">
         <name>.text:Dogs102x6_stringDraw</name>
         <load_address>0x5b96</load_address>
         <run_address>0x5b96</run_address>
         <size>0x7a</size>
         <input_file_ref idref="fl-17"/>
      </object_component>
      <object_component id="oc-1ea">
         <name>.text:Dogs102x6_init</name>
         <load_address>0x5c10</load_address>
         <run_address>0x5c10</run_address>
         <size>0x78</size>
         <input_file_ref idref="fl-17"/>
      </object_component>
      <object_component id="oc-21d">
         <name>.text:DS18b20_read_byte</name>
         <load_address>0x5c88</load_address>
         <run_address>0x5c88</run_address>
         <size>0x74</size>
         <input_file_ref idref="fl-3"/>
      </object_component>
      <object_component id="oc-207">
         <name>.text:usbSendNextPacketOnIEP0</name>
         <load_address>0x5cfc</load_address>
         <run_address>0x5cfc</run_address>
         <size>0x74</size>
         <input_file_ref idref="fl-1c"/>
      </object_component>
      <object_component id="oc-231">
         <name>.text:usbGetEndpointStatus</name>
         <load_address>0x5d70</load_address>
         <run_address>0x5d70</run_address>
         <size>0x70</size>
         <input_file_ref idref="fl-1c"/>
      </object_component>
      <object_component id="oc-211">
         <name>.text:Dogs102x6_writeData</name>
         <load_address>0x5de0</load_address>
         <run_address>0x5de0</run_address>
         <size>0x6e</size>
         <input_file_ref idref="fl-17"/>
      </object_component>
      <object_component id="oc-1ff">
         <name>.text:MscCopyUsbToBuff</name>
         <load_address>0x5e4e</load_address>
         <run_address>0x5e4e</run_address>
         <size>0x6e</size>
         <input_file_ref idref="fl-21"/>
      </object_component>
      <object_component id="oc-21b">
         <name>.text:DS18b20_Init</name>
         <load_address>0x5ebc</load_address>
         <run_address>0x5ebc</run_address>
         <size>0x6a</size>
         <input_file_ref idref="fl-3"/>
      </object_component>
      <object_component id="oc-229">
         <name>.text:usbClearEndpointFeature</name>
         <load_address>0x5f26</load_address>
         <run_address>0x5f26</run_address>
         <size>0x68</size>
         <input_file_ref idref="fl-1c"/>
      </object_component>
      <object_component id="oc-218">
         <name>.text:Msc_ResetStruct</name>
         <load_address>0x5f8e</load_address>
         <run_address>0x5f8e</run_address>
         <size>0x64</size>
         <input_file_ref idref="fl-21"/>
      </object_component>
      <object_component id="oc-239">
         <name>.text:Reset_RequestSenseResponse</name>
         <load_address>0x5ff2</load_address>
         <run_address>0x5ff2</run_address>
         <size>0x64</size>
         <input_file_ref idref="fl-21"/>
      </object_component>
      <object_component id="oc-212">
         <name>.text:get_one_temperature</name>
         <load_address>0x6056</load_address>
         <run_address>0x6056</run_address>
         <size>0x64</size>
         <input_file_ref idref="fl-3"/>
      </object_component>
      <object_component id="oc-210">
         <name>.text:Dogs102x6_setAddress</name>
         <load_address>0x60ba</load_address>
         <run_address>0x60ba</run_address>
         <size>0x58</size>
         <input_file_ref idref="fl-17"/>
      </object_component>
      <object_component id="oc-21c">
         <name>.text:DS18b20_write_byte</name>
         <load_address>0x6112</load_address>
         <run_address>0x6112</run_address>
         <size>0x56</size>
         <input_file_ref idref="fl-3"/>
      </object_component>
      <object_component id="oc-1e0">
         <name>.text:OEP0InterruptHandler</name>
         <load_address>0x6168</load_address>
         <run_address>0x6168</run_address>
         <size>0x4e</size>
         <input_file_ref idref="fl-6"/>
      </object_component>
      <object_component id="oc-208">
         <name>.text:Cma3000_readRegister</name>
         <load_address>0x61b6</load_address>
         <run_address>0x61b6</run_address>
         <size>0x4a</size>
         <input_file_ref idref="fl-18"/>
      </object_component>
      <object_component id="oc-209">
         <name>.text:Cma3000_writeRegister</name>
         <load_address>0x6200</load_address>
         <run_address>0x6200</run_address>
         <size>0x4a</size>
         <input_file_ref idref="fl-18"/>
      </object_component>
      <object_component id="oc-1d7">
         <name>.text:PWRVBUSoffHandler</name>
         <load_address>0x624a</load_address>
         <run_address>0x624a</run_address>
         <size>0x48</size>
         <input_file_ref idref="fl-6"/>
      </object_component>
      <object_component id="oc-1ca">
         <name>.text:SetupPacketInterruptHandler</name>
         <load_address>0x6292</load_address>
         <run_address>0x6292</run_address>
         <size>0x48</size>
         <input_file_ref idref="fl-6"/>
      </object_component>
      <object_component id="oc-203">
         <name>.text:usbReceiveNextPacketOnOEP0</name>
         <load_address>0x62da</load_address>
         <run_address>0x62da</run_address>
         <size>0x48</size>
         <input_file_ref idref="fl-1c"/>
      </object_component>
      <object_component id="oc-166">
         <name>.text</name>
         <load_address>0x6322</load_address>
         <run_address>0x6322</run_address>
         <size>0x46</size>
         <input_file_ref idref="fl-33"/>
      </object_component>
      <object_component id="oc-22d">
         <name>.text:usbGetStringDescriptor</name>
         <load_address>0x6368</load_address>
         <run_address>0x6368</run_address>
         <size>0x44</size>
         <input_file_ref idref="fl-1c"/>
      </object_component>
      <object_component id="oc-234">
         <name>.text:usbSetEndpointFeature</name>
         <load_address>0x63ac</load_address>
         <run_address>0x63ac</run_address>
         <size>0x44</size>
         <input_file_ref idref="fl-1c"/>
      </object_component>
      <object_component id="oc-226">
         <name>.text:USBMSC_reset</name>
         <load_address>0x63f0</load_address>
         <run_address>0x63f0</run_address>
         <size>0x42</size>
         <input_file_ref idref="fl-22"/>
      </object_component>
      <object_component id="oc-20a">
         <name>.text:Cma3000_readAccel</name>
         <load_address>0x6432</load_address>
         <run_address>0x6432</run_address>
         <size>0x40</size>
         <input_file_ref idref="fl-18"/>
      </object_component>
      <object_component id="oc-21f">
         <name>.text:usbGetLineCoding0</name>
         <load_address>0x6472</load_address>
         <run_address>0x6472</run_address>
         <size>0x40</size>
         <input_file_ref idref="fl-1b"/>
      </object_component>
      <object_component id="oc-235">
         <name>.text:usbSetInterface</name>
         <load_address>0x64b2</load_address>
         <run_address>0x64b2</run_address>
         <size>0x40</size>
         <input_file_ref idref="fl-1c"/>
      </object_component>
      <object_component id="oc-1ec">
         <name>.text:Dogs102x6_setBacklight</name>
         <load_address>0x64f2</load_address>
         <run_address>0x64f2</run_address>
         <size>0x3e</size>
         <input_file_ref idref="fl-17"/>
      </object_component>
      <object_component id="oc-1e7">
         <name>.text:SetVCore</name>
         <load_address>0x6530</load_address>
         <run_address>0x6530</run_address>
         <size>0x3e</size>
         <input_file_ref idref="fl-15"/>
      </object_component>
      <object_component id="oc-1fa">
         <name>.text:l_lsl_const</name>
         <load_address>0x656e</load_address>
         <run_address>0x656e</run_address>
         <size>0x3e</size>
         <input_file_ref idref="fl-36"/>
      </object_component>
      <object_component id="oc-23b">
         <name>.text:l_lsr_const</name>
         <load_address>0x65ac</load_address>
         <run_address>0x65ac</run_address>
         <size>0x3e</size>
         <input_file_ref idref="fl-38"/>
      </object_component>
      <object_component id="oc-20e">
         <name>.text:Dogs102x6_writeCommand</name>
         <load_address>0x65ea</load_address>
         <run_address>0x65ea</run_address>
         <size>0x3c</size>
         <input_file_ref idref="fl-17"/>
      </object_component>
      <object_component id="oc-1e8">
         <name>.text:LFXT_Start</name>
         <load_address>0x6626</load_address>
         <run_address>0x6626</run_address>
         <size>0x38</size>
         <input_file_ref idref="fl-14"/>
      </object_component>
      <object_component id="oc-1ee">
         <name>.text:Dogs102x6_clearScreen</name>
         <load_address>0x665e</load_address>
         <run_address>0x665e</run_address>
         <size>0x36</size>
         <input_file_ref idref="fl-17"/>
      </object_component>
      <object_component id="oc-1d9">
         <name>.text:PWRVBUSonHandler</name>
         <load_address>0x6694</load_address>
         <run_address>0x6694</run_address>
         <size>0x36</size>
         <input_file_ref idref="fl-6"/>
      </object_component>
      <object_component id="oc-1ce">
         <name>.text:CdcIsReceiveInProgress</name>
         <load_address>0x66ca</load_address>
         <run_address>0x66ca</run_address>
         <size>0x32</size>
         <input_file_ref idref="fl-1b"/>
      </object_component>
      <object_component id="oc-1ed">
         <name>.text:Dogs102x6_setContrast</name>
         <load_address>0x66fc</load_address>
         <run_address>0x66fc</run_address>
         <size>0x32</size>
         <input_file_ref idref="fl-17"/>
      </object_component>
      <object_component id="oc-1cb">
         <name>.text:HidIsReceiveInProgress</name>
         <load_address>0x672e</load_address>
         <run_address>0x672e</run_address>
         <size>0x32</size>
         <input_file_ref idref="fl-20"/>
      </object_component>
      <object_component id="oc-1e9">
         <name>.text:Init_FLL_Settle</name>
         <load_address>0x6760</load_address>
         <run_address>0x6760</run_address>
         <size>0x32</size>
         <input_file_ref idref="fl-14"/>
      </object_component>
      <object_component id="oc-1d3">
         <name>.text:USB_suspend</name>
         <load_address>0x6792</load_address>
         <run_address>0x6792</run_address>
         <size>0x32</size>
         <input_file_ref idref="fl-1c"/>
      </object_component>
      <object_component id="oc-1eb">
         <name>.text:Dogs102x6_backlightInit</name>
         <load_address>0x67c4</load_address>
         <run_address>0x67c4</run_address>
         <size>0x30</size>
         <input_file_ref idref="fl-17"/>
      </object_component>
      <object_component id="oc-217">
         <name>.text:XT2_Start</name>
         <load_address>0x67f4</load_address>
         <run_address>0x67f4</run_address>
         <size>0x30</size>
         <input_file_ref idref="fl-14"/>
      </object_component>
      <object_component id="oc-206">
         <name>.text:Handler_SetLineCoding0</name>
         <load_address>0x6824</load_address>
         <run_address>0x6824</run_address>
         <size>0x2e</size>
         <input_file_ref idref="fl-1b"/>
      </object_component>
      <object_component id="oc-205">
         <name>.text:Handler_SetLineCoding1</name>
         <load_address>0x6852</load_address>
         <run_address>0x6852</run_address>
         <size>0x2e</size>
         <input_file_ref idref="fl-1b"/>
      </object_component>
      <object_component id="oc-204">
         <name>.text:Handler_SetLineCoding2</name>
         <load_address>0x6880</load_address>
         <run_address>0x6880</run_address>
         <size>0x2e</size>
         <input_file_ref idref="fl-1b"/>
      </object_component>
      <object_component id="oc-1fc">
         <name>.text:MscResetData</name>
         <load_address>0x68ae</load_address>
         <run_address>0x68ae</run_address>
         <size>0x2e</size>
         <input_file_ref idref="fl-21"/>
      </object_component>
      <object_component id="oc-1c6">
         <name>.text:exit</name>
         <load_address>0x68dc</load_address>
         <run_address>0x68dc</run_address>
         <size>0x2e</size>
         <input_file_ref idref="fl-30"/>
      </object_component>
      <object_component id="oc-153">
         <name>.text</name>
         <load_address>0x690a</load_address>
         <run_address>0x690a</run_address>
         <size>0x2c</size>
         <input_file_ref idref="fl-2e"/>
      </object_component>
      <object_component id="oc-225">
         <name>.text:usbGetHidDescriptor</name>
         <load_address>0x6936</load_address>
         <run_address>0x6936</run_address>
         <size>0x2c</size>
         <input_file_ref idref="fl-1e"/>
      </object_component>
      <object_component id="oc-1fd">
         <name>.text:CdcResetData</name>
         <load_address>0x6962</load_address>
         <run_address>0x6962</run_address>
         <size>0x2a</size>
         <input_file_ref idref="fl-1b"/>
      </object_component>
      <object_component id="oc-1fb">
         <name>.text:HidResetData</name>
         <load_address>0x698c</load_address>
         <run_address>0x698c</run_address>
         <size>0x2a</size>
         <input_file_ref idref="fl-20"/>
      </object_component>
      <object_component id="oc-1bf">
         <name>.text:memcpy</name>
         <load_address>0x69b6</load_address>
         <run_address>0x69b6</run_address>
         <size>0x2a</size>
         <input_file_ref idref="fl-39"/>
      </object_component>
      <object_component id="oc-1fe">
         <name>.text:USB_connect</name>
         <load_address>0x69e0</load_address>
         <run_address>0x69e0</run_address>
         <size>0x28</size>
         <input_file_ref idref="fl-1c"/>
      </object_component>
      <object_component id="oc-22f">
         <name>.text:usbGetDeviceStatus</name>
         <load_address>0x6a08</load_address>
         <run_address>0x6a08</run_address>
         <size>0x28</size>
         <input_file_ref idref="fl-1c"/>
      </object_component>
      <object_component id="oc-1ef">
         <name>.text:Wheel_init</name>
         <load_address>0x6a30</load_address>
         <run_address>0x6a30</run_address>
         <size>0x26</size>
         <input_file_ref idref="fl-16"/>
      </object_component>
      <object_component id="oc-1c5">
         <name>.text:_args_main</name>
         <load_address>0x6a56</load_address>
         <run_address>0x6a56</run_address>
         <size>0x26</size>
         <input_file_ref idref="fl-43"/>
      </object_component>
      <object_component id="oc-18d">
         <name>.text</name>
         <load_address>0x6a7c</load_address>
         <run_address>0x6a7c</run_address>
         <size>0x26</size>
         <input_file_ref idref="fl-3e"/>
      </object_component>
      <object_component id="oc-16a">
         <name>.text</name>
         <load_address>0x6aa2</load_address>
         <run_address>0x6aa2</run_address>
         <size>0x24</size>
         <input_file_ref idref="fl-34"/>
      </object_component>
      <object_component id="oc-194">
         <name>.text</name>
         <load_address>0x6ac6</load_address>
         <run_address>0x6ac6</run_address>
         <size>0x22</size>
         <input_file_ref idref="fl-40"/>
      </object_component>
      <object_component id="oc-20f">
         <name>.text:memset</name>
         <load_address>0x6ae8</load_address>
         <run_address>0x6ae8</run_address>
         <size>0x20</size>
         <input_file_ref idref="fl-3a"/>
      </object_component>
      <object_component id="oc-23c">
         <name>.text:usbSendDataPacketOnEP0</name>
         <load_address>0x6b08</load_address>
         <run_address>0x6b08</run_address>
         <size>0x20</size>
         <input_file_ref idref="fl-1c"/>
      </object_component>
      <object_component id="oc-232">
         <name>.text:usbSetConfiguration</name>
         <load_address>0x6b28</load_address>
         <run_address>0x6b28</run_address>
         <size>0x1e</size>
         <input_file_ref idref="fl-1c"/>
      </object_component>
      <object_component id="oc-1e1">
         <name>.text:IEP0InterruptHandler</name>
         <load_address>0x6b46</load_address>
         <run_address>0x6b46</run_address>
         <size>0x1c</size>
         <input_file_ref idref="fl-6"/>
      </object_component>
      <object_component id="oc-22e">
         <name>.text:usbGetInterface</name>
         <load_address>0x6b62</load_address>
         <run_address>0x6b62</run_address>
         <size>0x1a</size>
         <input_file_ref idref="fl-1c"/>
      </object_component>
      <object_component id="oc-230">
         <name>.text:usbGetInterfaceStatus</name>
         <load_address>0x6b7c</load_address>
         <run_address>0x6b7c</run_address>
         <size>0x1a</size>
         <input_file_ref idref="fl-1c"/>
      </object_component>
      <object_component id="oc-215">
         <name>.text:usbSetAddress</name>
         <load_address>0x6b96</load_address>
         <run_address>0x6b96</run_address>
         <size>0x1a</size>
         <input_file_ref idref="fl-1c"/>
      </object_component>
      <object_component id="oc-1e4">
         <name>.text:Cma3000_readAccel_offset</name>
         <load_address>0x6bb0</load_address>
         <run_address>0x6bb0</run_address>
         <size>0x18</size>
         <input_file_ref idref="fl-18"/>
      </object_component>
      <object_component id="oc-227">
         <name>.text:Get_MaxLUN</name>
         <load_address>0x6bc8</load_address>
         <run_address>0x6bc8</run_address>
         <size>0x18</size>
         <input_file_ref idref="fl-22"/>
      </object_component>
      <object_component id="oc-1d1">
         <name>.text:USB_resume</name>
         <load_address>0x6be0</load_address>
         <run_address>0x6be0</run_address>
         <size>0x18</size>
         <input_file_ref idref="fl-1c"/>
      </object_component>
      <object_component id="oc-157">
         <name>.text</name>
         <load_address>0x6bf8</load_address>
         <run_address>0x6bf8</run_address>
         <size>0x16</size>
         <input_file_ref idref="fl-2f"/>
      </object_component>
      <object_component id="oc-189">
         <name>.text</name>
         <load_address>0x6c0e</load_address>
         <run_address>0x6c0e</run_address>
         <size>0x16</size>
         <input_file_ref idref="fl-3d"/>
      </object_component>
      <object_component id="oc-222">
         <name>.text:usbGetReport</name>
         <load_address>0x6c24</load_address>
         <run_address>0x6c24</run_address>
         <size>0x16</size>
         <input_file_ref idref="fl-1e"/>
      </object_component>
      <object_component id="oc-1da">
         <name>.text:USB_handleVbusOnEvent</name>
         <load_address>0x6c3a</load_address>
         <run_address>0x6c3a</run_address>
         <size>0x14</size>
         <input_file_ref idref="fl-a"/>
      </object_component>
      <object_component id="oc-182">
         <name>.text</name>
         <load_address>0x6c4e</load_address>
         <run_address>0x6c4e</run_address>
         <size>0x14</size>
         <input_file_ref idref="fl-3b"/>
      </object_component>
      <object_component id="oc-1f1">
         <name>.text:Buttons_interruptEnable</name>
         <load_address>0x6c62</load_address>
         <run_address>0x6c62</run_address>
         <size>0x12</size>
         <input_file_ref idref="fl-19"/>
      </object_component>
      <object_component id="oc-228">
         <name>.text:usbClearDeviceFeature</name>
         <load_address>0x6c74</load_address>
         <run_address>0x6c74</run_address>
         <size>0x12</size>
         <input_file_ref idref="fl-1c"/>
      </object_component>
      <object_component id="oc-22c">
         <name>.text:usbGetConfigurationDescriptor</name>
         <load_address>0x6c86</load_address>
         <run_address>0x6c86</run_address>
         <size>0x12</size>
         <input_file_ref idref="fl-1c"/>
      </object_component>
      <object_component id="oc-22b">
         <name>.text:usbGetDeviceDescriptor</name>
         <load_address>0x6c98</load_address>
         <run_address>0x6c98</run_address>
         <size>0x12</size>
         <input_file_ref idref="fl-1c"/>
      </object_component>
      <object_component id="oc-23d">
         <name>.text:usbReceiveDataPacketOnEP0</name>
         <load_address>0x6caa</load_address>
         <run_address>0x6caa</run_address>
         <size>0x12</size>
         <input_file_ref idref="fl-1c"/>
      </object_component>
      <object_component id="oc-233">
         <name>.text:usbSetDeviceFeature</name>
         <load_address>0x6cbc</load_address>
         <run_address>0x6cbc</run_address>
         <size>0x12</size>
         <input_file_ref idref="fl-1c"/>
      </object_component>
      <object_component id="oc-1e2">
         <name>.text:Buttons_startWDT</name>
         <load_address>0x6cce</load_address>
         <run_address>0x6cce</run_address>
         <size>0x10</size>
         <input_file_ref idref="fl-19"/>
      </object_component>
      <object_component id="oc-22a">
         <name>.text:usbGetConfiguration</name>
         <load_address>0x6cde</load_address>
         <run_address>0x6cde</run_address>
         <size>0x10</size>
         <input_file_ref idref="fl-1c"/>
      </object_component>
      <object_component id="oc-1f0">
         <name>.text:Buttons_init</name>
         <load_address>0x6cee</load_address>
         <run_address>0x6cee</run_address>
         <size>0xe</size>
         <input_file_ref idref="fl-19"/>
      </object_component>
      <object_component id="oc-1e5">
         <name>.text:Cma3000_setAccel_offset</name>
         <load_address>0x6cfc</load_address>
         <run_address>0x6cfc</run_address>
         <size>0xe</size>
         <input_file_ref idref="fl-18"/>
      </object_component>
      <object_component id="oc-241">
         <name>.text:Msc_ResetStateMachine</name>
         <load_address>0x6d0a</load_address>
         <run_address>0x6d0a</run_address>
         <size>0xe</size>
         <input_file_ref idref="fl-28"/>
      </object_component>
      <object_component id="oc-224">
         <name>.text:usbGetReportDescriptor</name>
         <load_address>0x6d18</load_address>
         <run_address>0x6d18</run_address>
         <size>0xe</size>
         <input_file_ref idref="fl-1e"/>
      </object_component>
      <object_component id="oc-238">
         <name>.text:usbSendZeroLengthPacketOnIEP0</name>
         <load_address>0x6d26</load_address>
         <run_address>0x6d26</run_address>
         <size>0xe</size>
         <input_file_ref idref="fl-1c"/>
      </object_component>
      <object_component id="oc-236">
         <name>.text:usbInvalidRequest</name>
         <load_address>0x6d34</load_address>
         <run_address>0x6d34</run_address>
         <size>0xc</size>
         <input_file_ref idref="fl-1c"/>
      </object_component>
      <object_component id="oc-1c3">
         <name>.text:_system_pre_init</name>
         <load_address>0x6d40</load_address>
         <run_address>0x6d40</run_address>
         <size>0xa</size>
         <input_file_ref idref="fl-4"/>
      </object_component>
      <object_component id="oc-140">
         <name>.text</name>
         <load_address>0x6d4a</load_address>
         <run_address>0x6d4a</run_address>
         <size>0xa</size>
         <input_file_ref idref="fl-29"/>
      </object_component>
      <object_component id="oc-16e">
         <name>.text</name>
         <load_address>0x6d54</load_address>
         <run_address>0x6d54</run_address>
         <size>0xa</size>
         <input_file_ref idref="fl-35"/>
      </object_component>
      <object_component id="oc-175">
         <name>.text</name>
         <load_address>0x6d5e</load_address>
         <run_address>0x6d5e</run_address>
         <size>0xa</size>
         <input_file_ref idref="fl-37"/>
      </object_component>
      <object_component id="oc-237">
         <name>.text:usbStallEndpoint0</name>
         <load_address>0x6d68</load_address>
         <run_address>0x6d68</run_address>
         <size>0xa</size>
         <input_file_ref idref="fl-1c"/>
      </object_component>
      <object_component id="oc-23e">
         <name>.text:Handler_InFeature</name>
         <load_address>0x6d72</load_address>
         <run_address>0x6d72</run_address>
         <size>0x8</size>
         <input_file_ref idref="fl-1f"/>
      </object_component>
      <object_component id="oc-220">
         <name>.text:usbSetLineCoding0</name>
         <load_address>0x6d7a</load_address>
         <run_address>0x6d7a</run_address>
         <size>0x8</size>
         <input_file_ref idref="fl-1b"/>
      </object_component>
      <object_component id="oc-223">
         <name>.text:usbSetReport</name>
         <load_address>0x6d82</load_address>
         <run_address>0x6d82</run_address>
         <size>0x8</size>
         <input_file_ref idref="fl-1e"/>
      </object_component>
      <object_component id="oc-242">
         <name>.text:Msc_ResetFlags</name>
         <load_address>0x6d8a</load_address>
         <run_address>0x6d8a</run_address>
         <size>0x6</size>
         <input_file_ref idref="fl-21"/>
      </object_component>
      <object_component id="oc-219">
         <name>.text:usbClearOEP0ByteCount</name>
         <load_address>0x6d90</load_address>
         <run_address>0x6d90</run_address>
         <size>0x6</size>
         <input_file_ref idref="fl-1c"/>
      </object_component>
      <object_component id="oc-21a">
         <name>.text:usbStallOEP0</name>
         <load_address>0x6d96</load_address>
         <run_address>0x6d96</run_address>
         <size>0x6</size>
         <input_file_ref idref="fl-1c"/>
      </object_component>
      <object_component id="oc-1cf">
         <name>.text:USBCDC_handleDataReceived</name>
         <load_address>0x6d9c</load_address>
         <run_address>0x6d9c</run_address>
         <size>0x4</size>
         <input_file_ref idref="fl-a"/>
      </object_component>
      <object_component id="oc-1f8">
         <name>.text:USBCDC_handleReceiveCompleted</name>
         <load_address>0x6da0</load_address>
         <run_address>0x6da0</run_address>
         <size>0x4</size>
         <input_file_ref idref="fl-a"/>
      </object_component>
      <object_component id="oc-202">
         <name>.text:USBCDC_handleSendCompleted</name>
         <load_address>0x6da4</load_address>
         <run_address>0x6da4</run_address>
         <size>0x4</size>
         <input_file_ref idref="fl-a"/>
      </object_component>
      <object_component id="oc-1cc">
         <name>.text:USBHID_handleDataReceived</name>
         <load_address>0x6da8</load_address>
         <run_address>0x6da8</run_address>
         <size>0x4</size>
         <input_file_ref idref="fl-a"/>
      </object_component>
      <object_component id="oc-1f6">
         <name>.text:USBHID_handleReceiveCompleted</name>
         <load_address>0x6dac</load_address>
         <run_address>0x6dac</run_address>
         <size>0x4</size>
         <input_file_ref idref="fl-a"/>
      </object_component>
      <object_component id="oc-201">
         <name>.text:USBHID_handleSendCompleted</name>
         <load_address>0x6db0</load_address>
         <run_address>0x6db0</run_address>
         <size>0x4</size>
         <input_file_ref idref="fl-a"/>
      </object_component>
      <object_component id="oc-200">
         <name>.text:USBMSC_handleBufferEvent</name>
         <load_address>0x6db4</load_address>
         <run_address>0x6db4</run_address>
         <size>0x4</size>
         <input_file_ref idref="fl-a"/>
      </object_component>
      <object_component id="oc-1db">
         <name>.text:USB_handleClockEvent</name>
         <load_address>0x6db8</load_address>
         <run_address>0x6db8</run_address>
         <size>0x4</size>
         <input_file_ref idref="fl-a"/>
      </object_component>
      <object_component id="oc-216">
         <name>.text:USB_handleEnumCompleteEvent</name>
         <load_address>0x6dbc</load_address>
         <run_address>0x6dbc</run_address>
         <size>0x4</size>
         <input_file_ref idref="fl-a"/>
      </object_component>
      <object_component id="oc-1d6">
         <name>.text:USB_handleResetEvent</name>
         <load_address>0x6dc0</load_address>
         <run_address>0x6dc0</run_address>
         <size>0x4</size>
         <input_file_ref idref="fl-a"/>
      </object_component>
      <object_component id="oc-1d2">
         <name>.text:USB_handleResumeEvent</name>
         <load_address>0x6dc4</load_address>
         <run_address>0x6dc4</run_address>
         <size>0x4</size>
         <input_file_ref idref="fl-a"/>
      </object_component>
      <object_component id="oc-1d4">
         <name>.text:USB_handleSuspendEvent</name>
         <load_address>0x6dc8</load_address>
         <run_address>0x6dc8</run_address>
         <size>0x4</size>
         <input_file_ref idref="fl-a"/>
      </object_component>
      <object_component id="oc-1d8">
         <name>.text:USB_handleVbusOffEvent</name>
         <load_address>0x6dcc</load_address>
         <run_address>0x6dcc</run_address>
         <size>0x4</size>
         <input_file_ref idref="fl-a"/>
      </object_component>
      <object_component id="oc-1c9">
         <name>.text:abort</name>
         <load_address>0x6dd0</load_address>
         <run_address>0x6dd0</run_address>
         <size>0x4</size>
         <input_file_ref idref="fl-30"/>
      </object_component>
      <object_component id="oc-221">
         <name>.text:usbSetControlLineState</name>
         <load_address>0x6dd4</load_address>
         <run_address>0x6dd4</run_address>
         <size>0x4</size>
         <input_file_ref idref="fl-1b"/>
      </object_component>
      <object_component id="oc-23f">
         <name>.text:Handler_InReport</name>
         <load_address>0x6dd8</load_address>
         <run_address>0x6dd8</run_address>
         <size>0x2</size>
         <input_file_ref idref="fl-1f"/>
      </object_component>
      <object_component id="oc-1c2">
         <name>.text:_nop</name>
         <load_address>0x6dda</load_address>
         <run_address>0x6dda</run_address>
         <size>0x2</size>
         <input_file_ref idref="fl-42"/>
      </object_component>
      <object_component id="oc-9c">
         <name>.text:_isr:iUsbInterruptHandler</name>
         <load_address>0x4400</load_address>
         <run_address>0x4400</run_address>
         <size>0x178</size>
         <input_file_ref idref="fl-6"/>
      </object_component>
      <object_component id="oc-ea">
         <name>.text:_isr:Port1_ISR</name>
         <load_address>0x4578</load_address>
         <run_address>0x4578</run_address>
         <size>0x3c</size>
         <input_file_ref idref="fl-19"/>
      </object_component>
      <object_component id="oc-e9">
         <name>.text:_isr:Port2_ISR</name>
         <load_address>0x45b4</load_address>
         <run_address>0x45b4</run_address>
         <size>0x3c</size>
         <input_file_ref idref="fl-19"/>
      </object_component>
      <object_component id="oc-92">
         <name>.text:_isr:_c_int00</name>
         <load_address>0x45f0</load_address>
         <run_address>0x45f0</run_address>
         <size>0x36</size>
         <input_file_ref idref="fl-2a"/>
      </object_component>
      <object_component id="oc-e8">
         <name>.text:_isr:WDT_ISR</name>
         <load_address>0x4626</load_address>
         <run_address>0x4626</run_address>
         <size>0x1a</size>
         <input_file_ref idref="fl-19"/>
      </object_component>
      <object_component id="oc-1c1">
         <name>.text:_isr:TIMER2_A0_ISR</name>
         <load_address>0x4640</load_address>
         <run_address>0x4640</run_address>
         <size>0x18</size>
         <input_file_ref idref="fl-5"/>
      </object_component>
      <object_component id="oc-d6">
         <name>.text:_isr:ADC12_ISR</name>
         <load_address>0x4658</load_address>
         <run_address>0x4658</run_address>
         <size>0x16</size>
         <input_file_ref idref="fl-16"/>
      </object_component>
      <object_component id="oc-1b5">
         <name>.text:_isr:__TI_ISR_TRAP</name>
         <load_address>0x466e</load_address>
         <run_address>0x466e</run_address>
         <size>0x6</size>
         <input_file_ref idref="fl-ab"/>
      </object_component>
      <object_component id="oc-113">
         <name>.cinit</name>
         <load_address>0x4674</load_address>
         <run_address>0x4674</run_address>
         <size>0x52</size>
         <input_file_ref idref="fl-21"/>
      </object_component>
      <object_component id="oc-dc">
         <name>.cinit</name>
         <load_address>0x46c6</load_address>
         <run_address>0x46c6</run_address>
         <size>0x36</size>
         <input_file_ref idref="fl-17"/>
      </object_component>
      <object_component id="oc-c0">
         <name>.cinit</name>
         <load_address>0x46fc</load_address>
         <run_address>0x46fc</run_address>
         <size>0x25</size>
         <input_file_ref idref="fl-8"/>
      </object_component>
      <object_component id="oc-f4">
         <name>.cinit</name>
         <load_address>0x4722</load_address>
         <run_address>0x4722</run_address>
         <size>0x21</size>
         <input_file_ref idref="fl-1b"/>
      </object_component>
      <object_component id="oc-fa">
         <name>.cinit</name>
         <load_address>0x4744</load_address>
         <run_address>0x4744</run_address>
         <size>0x17</size>
         <input_file_ref idref="fl-1c"/>
      </object_component>
      <object_component id="oc-b0">
         <name>.cinit</name>
         <load_address>0x475c</load_address>
         <run_address>0x475c</run_address>
         <size>0x11</size>
         <input_file_ref idref="fl-5"/>
      </object_component>
      <object_component id="oc-e7">
         <name>.cinit</name>
         <load_address>0x476e</load_address>
         <run_address>0x476e</run_address>
         <size>0x10</size>
         <input_file_ref idref="fl-19"/>
      </object_component>
      <object_component id="oc-120">
         <name>.cinit</name>
         <load_address>0x477e</load_address>
         <run_address>0x477e</run_address>
         <size>0xf</size>
         <input_file_ref idref="fl-23"/>
      </object_component>
      <object_component id="oc-132">
         <name>.cinit</name>
         <load_address>0x478e</load_address>
         <run_address>0x478e</run_address>
         <size>0xf</size>
         <input_file_ref idref="fl-26"/>
      </object_component>
      <object_component id="oc-11a">
         <name>.cinit</name>
         <load_address>0x479e</load_address>
         <run_address>0x479e</run_address>
         <size>0x8</size>
         <input_file_ref idref="fl-22"/>
      </object_component>
      <object_component id="oc-13c">
         <name>.cinit</name>
         <load_address>0x47a6</load_address>
         <run_address>0x47a6</run_address>
         <size>0x8</size>
         <input_file_ref idref="fl-28"/>
      </object_component>
      <object_component id="oc-a4">
         <name>.cinit</name>
         <load_address>0x47ae</load_address>
         <run_address>0x47ae</run_address>
         <size>0x8</size>
         <input_file_ref idref="fl-3"/>
      </object_component>
      <object_component id="oc-127">
         <name>.cinit</name>
         <load_address>0x47b6</load_address>
         <run_address>0x47b6</run_address>
         <size>0x7</size>
         <input_file_ref idref="fl-24"/>
      </object_component>
      <object_component id="oc-23a">
         <name>.const:FONT6x8</name>
         <load_address>0x6ddc</load_address>
         <run_address>0x6ddc</run_address>
         <size>0x24c</size>
         <input_file_ref idref="fl-17"/>
      </object_component>
      <object_component id="oc-214">
         <name>.const:tUsbRequestList</name>
         <load_address>0x7028</load_address>
         <run_address>0x7028</run_address>
         <size>0x15e</size>
         <input_file_ref idref="fl-7"/>
      </object_component>
      <object_component id="oc-244">
         <name>.const:.string:abromStringDescriptor</name>
         <load_address>0x7186</load_address>
         <run_address>0x7186</run_address>
         <size>0xf4</size>
         <input_file_ref idref="fl-7"/>
      </object_component>
      <object_component id="oc-bc">
         <name>.const</name>
         <load_address>0x727a</load_address>
         <run_address>0x727a</run_address>
         <size>0x82</size>
         <input_file_ref idref="fl-7"/>
      </object_component>
      <object_component id="oc-b1">
         <name>.const:.string</name>
         <load_address>0x72fc</load_address>
         <run_address>0x72fc</run_address>
         <size>0x48</size>
         <input_file_ref idref="fl-5"/>
      </object_component>
      <object_component id="oc-240">
         <name>.const:.string:abromReportDescriptor</name>
         <load_address>0x7344</load_address>
         <run_address>0x7344</run_address>
         <size>0x34</size>
         <input_file_ref idref="fl-7"/>
      </object_component>
      <object_component id="oc-1f4">
         <name>.const:stUsbHandle</name>
         <load_address>0x7378</load_address>
         <run_address>0x7378</run_address>
         <size>0x30</size>
         <input_file_ref idref="fl-7"/>
      </object_component>
      <object_component id="oc-128">
         <name>.const:.string</name>
         <load_address>0x73a8</load_address>
         <run_address>0x73a8</run_address>
         <size>0x12</size>
         <input_file_ref idref="fl-24"/>
      </object_component>
      <object_component id="oc-243">
         <name>.const:.string:abromDeviceDescriptor</name>
         <load_address>0x73ba</load_address>
         <run_address>0x73ba</run_address>
         <size>0x12</size>
         <input_file_ref idref="fl-7"/>
      </object_component>
      <object_component id="oc-114">
         <name>.const</name>
         <load_address>0x73cc</load_address>
         <run_address>0x73cc</run_address>
         <size>0x10</size>
         <input_file_ref idref="fl-21"/>
      </object_component>
      <object_component id="oc-121">
         <name>.const</name>
         <load_address>0x73dc</load_address>
         <run_address>0x73dc</run_address>
         <size>0x2</size>
         <input_file_ref idref="fl-23"/>
      </object_component>
      <object_component id="oc-52">
         <name>.int00</name>
         <load_address>0xff80</load_address>
         <run_address>0xff80</run_address>
         <size>0x2</size>
         <input_file_ref idref="fl-72"/>
      </object_component>
      <object_component id="oc-53">
         <name>.int01</name>
         <load_address>0xff82</load_address>
         <run_address>0xff82</run_address>
         <size>0x2</size>
         <input_file_ref idref="fl-73"/>
      </object_component>
      <object_component id="oc-54">
         <name>.int02</name>
         <load_address>0xff84</load_address>
         <run_address>0xff84</run_address>
         <size>0x2</size>
         <input_file_ref idref="fl-74"/>
      </object_component>
      <object_component id="oc-55">
         <name>.int03</name>
         <load_address>0xff86</load_address>
         <run_address>0xff86</run_address>
         <size>0x2</size>
         <input_file_ref idref="fl-75"/>
      </object_component>
      <object_component id="oc-56">
         <name>.int04</name>
         <load_address>0xff88</load_address>
         <run_address>0xff88</run_address>
         <size>0x2</size>
         <input_file_ref idref="fl-76"/>
      </object_component>
      <object_component id="oc-57">
         <name>.int05</name>
         <load_address>0xff8a</load_address>
         <run_address>0xff8a</run_address>
         <size>0x2</size>
         <input_file_ref idref="fl-77"/>
      </object_component>
      <object_component id="oc-58">
         <name>.int06</name>
         <load_address>0xff8c</load_address>
         <run_address>0xff8c</run_address>
         <size>0x2</size>
         <input_file_ref idref="fl-78"/>
      </object_component>
      <object_component id="oc-59">
         <name>.int07</name>
         <load_address>0xff8e</load_address>
         <run_address>0xff8e</run_address>
         <size>0x2</size>
         <input_file_ref idref="fl-79"/>
      </object_component>
      <object_component id="oc-5a">
         <name>.int08</name>
         <load_address>0xff90</load_address>
         <run_address>0xff90</run_address>
         <size>0x2</size>
         <input_file_ref idref="fl-7a"/>
      </object_component>
      <object_component id="oc-5b">
         <name>.int09</name>
         <load_address>0xff92</load_address>
         <run_address>0xff92</run_address>
         <size>0x2</size>
         <input_file_ref idref="fl-7b"/>
      </object_component>
      <object_component id="oc-5c">
         <name>.int10</name>
         <load_address>0xff94</load_address>
         <run_address>0xff94</run_address>
         <size>0x2</size>
         <input_file_ref idref="fl-7c"/>
      </object_component>
      <object_component id="oc-5d">
         <name>.int11</name>
         <load_address>0xff96</load_address>
         <run_address>0xff96</run_address>
         <size>0x2</size>
         <input_file_ref idref="fl-7d"/>
      </object_component>
      <object_component id="oc-5e">
         <name>.int12</name>
         <load_address>0xff98</load_address>
         <run_address>0xff98</run_address>
[...]
         <object_component_ref idref="oc-121"/>
      </symbol>
      <symbol id="sm-87c">
         <name>RWbuf_info</name>
         <value>0x2804</value>
         <object_component_ref idref="oc-11e"/>
      </symbol>
      <symbol id="sm-87d">
         <name>mediaInfo</name>
         <value>0x2a08</value>
         <object_component_ref idref="oc-11e"/>
      </symbol>
      <symbol id="sm-88c">
         <name>bDetectCard</name>
         <value>0x2ff1</value>
         <object_component_ref idref="oc-125"/>
      </symbol>
      <symbol id="sm-8a1">
         <name>INS</name>
         <value>0x3018</value>
         <object_component_ref idref="oc-130"/>
      </symbol>
      <symbol id="sm-8b7">
         <name>Msc_ResetStateMachine</name>
         <value>0x6d0a</value>
         <object_component_ref idref="oc-241"/>
      </symbol>
      <symbol id="sm-8c0">
         <name>I_ASR</name>
         <value>0x6d4a</value>
         <object_component_ref idref="oc-140"/>
      </symbol>
      <symbol id="sm-8d1">
         <name>_c_int00</name>
         <value>0x45f0</value>
         <object_component_ref idref="oc-92"/>
      </symbol>
      <symbol id="sm-8d2">
         <name>_dtors_ptr</name>
         <value>0x3006</value>
         <object_component_ref idref="oc-144"/>
      </symbol>
      <symbol id="sm-8d3">
         <name>_cleanup_ptr</name>
         <value>0x3002</value>
         <object_component_ref idref="oc-144"/>
      </symbol>
      <symbol id="sm-8d4">
         <name>_stack</name>
         <value>0x4360</value>
         <object_component_ref idref="oc-146"/>
      </symbol>
      <symbol id="sm-8d5">
         <name>_reset_vector</name>
         <value>0xfffe</value>
         <object_component_ref idref="oc-147"/>
      </symbol>
      <symbol id="sm-8f6">
         <name>__remi</name>
         <value>0x690a</value>
         <object_component_ref idref="oc-153"/>
      </symbol>
      <symbol id="sm-8f7">
         <name>__divi</name>
         <value>0x690a</value>
         <object_component_ref idref="oc-153"/>
      </symbol>
      <symbol id="sm-901">
         <name>__remu</name>
         <value>0x6bf8</value>
         <object_component_ref idref="oc-157"/>
      </symbol>
      <symbol id="sm-902">
         <name>__divu</name>
         <value>0x6bf8</value>
         <object_component_ref idref="oc-157"/>
      </symbol>
      <symbol id="sm-911">
         <name>C$$EXIT</name>
         <value>0x6dd0</value>
         <object_component_ref idref="oc-1c9"/>
      </symbol>
      <symbol id="sm-912">
         <name>abort</name>
         <value>0x6dd0</value>
         <object_component_ref idref="oc-1c9"/>
      </symbol>
      <symbol id="sm-913">
         <name>exit</name>
         <value>0x68dc</value>
         <object_component_ref idref="oc-1c6"/>
      </symbol>
      <symbol id="sm-914">
         <name>__TI_exit</name>
         <value>0x1</value>
      </symbol>
      <symbol id="sm-92e">
         <name>__fs_add</name>
         <value>0x5052</value>
         <object_component_ref idref="oc-15e"/>
      </symbol>
      <symbol id="sm-92f">
         <name>__fs_sub</name>
         <value>0x504c</value>
         <object_component_ref idref="oc-15e"/>
      </symbol>
      <symbol id="sm-945">
         <name>__fs_mpy</name>
         <value>0x5540</value>
         <object_component_ref idref="oc-162"/>
      </symbol>
      <symbol id="sm-954">
         <name>__fs_tou</name>
         <value>0x6322</value>
         <object_component_ref idref="oc-166"/>
      </symbol>
      <symbol id="sm-95e">
         <name>__fs_utof</name>
         <value>0x6aa2</value>
         <object_component_ref idref="oc-16a"/>
      </symbol>
      <symbol id="sm-967">
         <name>I_LSL</name>
         <value>0x6d54</value>
         <object_component_ref idref="oc-16e"/>
      </symbol>
      <symbol id="sm-96f">
         <name>L_LSL_3</name>
         <value>0x659e</value>
         <object_component_ref idref="oc-1fa"/>
      </symbol>
      <symbol id="sm-970">
         <name>L_LSL_2</name>
         <value>0x65a2</value>
         <object_component_ref idref="oc-1fa"/>
      </symbol>
      <symbol id="sm-971">
         <name>L_LSL_1</name>
         <value>0x65a6</value>
         <object_component_ref idref="oc-1fa"/>
      </symbol>
      <symbol id="sm-972">
         <name>L_LSL_7</name>
         <value>0x658e</value>
         <object_component_ref idref="oc-1fa"/>
      </symbol>
      <symbol id="sm-973">
         <name>L_LSL_6</name>
         <value>0x6592</value>
         <object_component_ref idref="oc-1fa"/>
      </symbol>
      <symbol id="sm-974">
         <name>L_LSL_5</name>
         <value>0x6596</value>
         <object_component_ref idref="oc-1fa"/>
      </symbol>
      <symbol id="sm-975">
         <name>L_LSL_4</name>
         <value>0x659a</value>
         <object_component_ref idref="oc-1fa"/>
      </symbol>
      <symbol id="sm-976">
         <name>L_LSL_9</name>
         <value>0x6586</value>
         <object_component_ref idref="oc-1fa"/>
      </symbol>
      <symbol id="sm-977">
         <name>L_LSL_8</name>
         <value>0x658a</value>
         <object_component_ref idref="oc-1fa"/>
      </symbol>
      <symbol id="sm-978">
         <name>L_LSL_12</name>
         <value>0x657a</value>
         <object_component_ref idref="oc-1fa"/>
      </symbol>
      <symbol id="sm-979">
         <name>L_LSL_13</name>
         <value>0x6576</value>
         <object_component_ref idref="oc-1fa"/>
      </symbol>
      <symbol id="sm-97a">
         <name>L_LSL_10</name>
         <value>0x6582</value>
         <object_component_ref idref="oc-1fa"/>
      </symbol>
      <symbol id="sm-97b">
         <name>L_LSL_11</name>
         <value>0x657e</value>
         <object_component_ref idref="oc-1fa"/>
      </symbol>
      <symbol id="sm-97c">
         <name>L_LSL_14</name>
         <value>0x6572</value>
         <object_component_ref idref="oc-1fa"/>
      </symbol>
      <symbol id="sm-97d">
         <name>L_LSL_15</name>
         <value>0x656e</value>
         <object_component_ref idref="oc-1fa"/>
      </symbol>
      <symbol id="sm-986">
         <name>I_LSR</name>
         <value>0x6d5e</value>
         <object_component_ref idref="oc-175"/>
      </symbol>
      <symbol id="sm-98e">
         <name>L_LSR_12</name>
         <value>0x65b8</value>
         <object_component_ref idref="oc-23b"/>
      </symbol>
      <symbol id="sm-98f">
         <name>L_LSR_13</name>
         <value>0x65b4</value>
         <object_component_ref idref="oc-23b"/>
      </symbol>
      <symbol id="sm-990">
         <name>L_LSR_10</name>
         <value>0x65c0</value>
         <object_component_ref idref="oc-23b"/>
      </symbol>
      <symbol id="sm-991">
         <name>L_LSR_11</name>
         <value>0x65bc</value>
         <object_component_ref idref="oc-23b"/>
      </symbol>
      <symbol id="sm-992">
         <name>L_LSR_14</name>
         <value>0x65b0</value>
         <object_component_ref idref="oc-23b"/>
      </symbol>
      <symbol id="sm-993">
         <name>L_LSR_15</name>
         <value>0x65ac</value>
         <object_component_ref idref="oc-23b"/>
      </symbol>
      <symbol id="sm-994">
         <name>L_LSR_3</name>
         <value>0x65dc</value>
         <object_component_ref idref="oc-23b"/>
      </symbol>
      <symbol id="sm-995">
         <name>L_LSR_2</name>
         <value>0x65e0</value>
         <object_component_ref idref="oc-23b"/>
      </symbol>
      <symbol id="sm-996">
         <name>L_LSR_1</name>
         <value>0x65e4</value>
         <object_component_ref idref="oc-23b"/>
      </symbol>
      <symbol id="sm-997">
         <name>L_LSR_7</name>
         <value>0x65cc</value>
         <object_component_ref idref="oc-23b"/>
      </symbol>
      <symbol id="sm-998">
         <name>L_LSR_6</name>
         <value>0x65d0</value>
         <object_component_ref idref="oc-23b"/>
      </symbol>
      <symbol id="sm-999">
         <name>L_LSR_5</name>
         <value>0x65d4</value>
         <object_component_ref idref="oc-23b"/>
      </symbol>
      <symbol id="sm-99a">
         <name>L_LSR_4</name>
         <value>0x65d8</value>
         <object_component_ref idref="oc-23b"/>
      </symbol>
      <symbol id="sm-99b">
         <name>L_LSR_9</name>
         <value>0x65c4</value>
         <object_component_ref idref="oc-23b"/>
      </symbol>
      <symbol id="sm-99c">
         <name>L_LSR_8</name>
         <value>0x65c8</value>
         <object_component_ref idref="oc-23b"/>
      </symbol>
      <symbol id="sm-9a9">
         <name>memcpy</name>
         <value>0x69b6</value>
         <object_component_ref idref="oc-1bf"/>
      </symbol>
      <symbol id="sm-9b6">
         <name>memset</name>
         <value>0x6ae8</value>
         <object_component_ref idref="oc-20f"/>
      </symbol>
      <symbol id="sm-9c0">
         <name>__mpyi</name>
         <value>0x6c4e</value>
         <object_component_ref idref="oc-182"/>
      </symbol>
      <symbol id="sm-9cd">
         <name>__mpyi_f5hw</name>
         <value>0x6c0e</value>
         <object_component_ref idref="oc-189"/>
      </symbol>
      <symbol id="sm-9d7">
         <name>__mpyl</name>
         <value>0x6a7c</value>
         <object_component_ref idref="oc-18d"/>
      </symbol>
      <symbol id="sm-9e4">
         <name>__mpyl_f5hw</name>
         <value>0x6ac6</value>
         <object_component_ref idref="oc-194"/>
      </symbol>
      <symbol id="sm-9f5">
         <name>_nop</name>
         <value>0x6dda</value>
         <object_component_ref idref="oc-1c2"/>
      </symbol>
      <symbol id="sm-9f6">
         <name>_lock</name>
         <value>0x2ffa</value>
         <object_component_ref idref="oc-19b"/>
      </symbol>
      <symbol id="sm-9f7">
         <name>_unlock</name>
         <value>0x2ffe</value>
         <object_component_ref idref="oc-19b"/>
      </symbol>
      <symbol id="sm-a03">
         <name>_args_main</name>
         <value>0x6a56</value>
         <object_component_ref idref="oc-1c5"/>
      </symbol>
      <symbol id="sm-a04">
         <name>__TI_args_main</name>
         <value>0x1</value>
      </symbol>
      <symbol id="sm-a25">
         <name>_auto_init_hold_wdt</name>
         <value>0x5b14</value>
         <object_component_ref idref="oc-1c4"/>
      </symbol>
      <symbol id="sm-a33">
         <name>__TI_int00</name>
         <value>0xff80</value>
         <object_component_ref idref="oc-52"/>
      </symbol>
      <symbol id="sm-a37">
         <name>__TI_int01</name>
         <value>0xff82</value>
         <object_component_ref idref="oc-53"/>
      </symbol>
      <symbol id="sm-a3b">
         <name>__TI_int02</name>
         <value>0xff84</value>
         <object_component_ref idref="oc-54"/>
      </symbol>
      <symbol id="sm-a3f">
         <name>__TI_int03</name>
         <value>0xff86</value>
         <object_component_ref idref="oc-55"/>
      </symbol>
      <symbol id="sm-a43">
         <name>__TI_int04</name>
         <value>0xff88</value>
         <object_component_ref idref="oc-56"/>
      </symbol>
      <symbol id="sm-a47">
         <name>__TI_int05</name>
         <value>0xff8a</value>
         <object_component_ref idref="oc-57"/>
      </symbol>
      <symbol id="sm-a4b">
         <name>__TI_int06</name>
         <value>0xff8c</value>
         <object_component_ref idref="oc-58"/>
      </symbol>
      <symbol id="sm-a4f">
         <name>__TI_int07</name>
         <value>0xff8e</value>
         <object_component_ref idref="oc-59"/>
      </symbol>
      <symbol id="sm-a53">
         <name>__TI_int08</name>
         <value>0xff90</value>
         <object_component_ref idref="oc-5a"/>
      </symbol>
      <symbol id="sm-a57">
         <name>__TI_int09</name>
         <value>0xff92</value>
         <object_component_ref idref="oc-5b"/>
      </symbol>
      <symbol id="sm-a5b">
         <name>__TI_int10</name>
         <value>0xff94</value>
         <object_component_ref idref="oc-5c"/>
      </symbol>
      <symbol id="sm-a5f">
         <name>__TI_int11</name>
         <value>0xff96</value>
         <object_component_ref idref="oc-5d"/>
      </symbol>
      <symbol id="sm-a63">
         <name>__TI_int12</name>
         <value>0xff98</value>
         <object_component_ref idref="oc-5e"/>
      </symbol>
      <symbol id="sm-a67">
         <name>__TI_int13</name>
         <value>0xff9a</value>
         <object_component_ref idref="oc-5f"/>
      </symbol>
      <symbol id="sm-a6b">
         <name>__TI_int14</name>
         <value>0xff9c</value>
         <object_component_ref idref="oc-60"/>
      </symbol>
      <symbol id="sm-a6f">
         <name>__TI_int15</name>
         <value>0xff9e</value>
         <object_component_ref idref="oc-61"/>
      </symbol>
      <symbol id="sm-a73">
         <name>__TI_int16</name>
         <value>0xffa0</value>
         <object_component_ref idref="oc-62"/>
      </symbol>
      <symbol id="sm-a77">
         <name>__TI_int17</name>
         <value>0xffa2</value>
         <object_component_ref idref="oc-63"/>
      </symbol>
      <symbol id="sm-a7b">
         <name>__TI_int18</name>
         <value>0xffa4</value>
         <object_component_ref idref="oc-64"/>
      </symbol>
      <symbol id="sm-a7f">
         <name>__TI_int19</name>
         <value>0xffa6</value>
         <object_component_ref idref="oc-65"/>
      </symbol>
      <symbol id="sm-a83">
         <name>__TI_int20</name>
         <value>0xffa8</value>
         <object_component_ref idref="oc-66"/>
      </symbol>
      <symbol id="sm-a87">
         <name>__TI_int21</name>
         <value>0xffaa</value>
         <object_component_ref idref="oc-67"/>
      </symbol>
      <symbol id="sm-a8b">
         <name>__TI_int22</name>
         <value>0xffac</value>
         <object_component_ref idref="oc-68"/>
      </symbol>
      <symbol id="sm-a8f">
         <name>__TI_int23</name>
         <value>0xffae</value>
         <object_component_ref idref="oc-69"/>
      </symbol>
      <symbol id="sm-a93">
         <name>__TI_int24</name>
         <value>0xffb0</value>
         <object_component_ref idref="oc-6a"/>
      </symbol>
      <symbol id="sm-a97">
         <name>__TI_int25</name>
         <value>0xffb2</value>
         <object_component_ref idref="oc-6b"/>
      </symbol>
      <symbol id="sm-a9b">
         <name>__TI_int26</name>
         <value>0xffb4</value>
         <object_component_ref idref="oc-6c"/>
      </symbol>
      <symbol id="sm-a9f">
         <name>__TI_int27</name>
         <value>0xffb6</value>
         <object_component_ref idref="oc-6d"/>
      </symbol>
      <symbol id="sm-aa3">
         <name>__TI_int28</name>
         <value>0xffb8</value>
         <object_component_ref idref="oc-6e"/>
      </symbol>
      <symbol id="sm-aa7">
         <name>__TI_int29</name>
         <value>0xffba</value>
         <object_component_ref idref="oc-6f"/>
      </symbol>
      <symbol id="sm-aab">
         <name>__TI_int30</name>
         <value>0xffbc</value>
         <object_component_ref idref="oc-70"/>
      </symbol>
      <symbol id="sm-aaf">
         <name>__TI_int31</name>
         <value>0xffbe</value>
         <object_component_ref idref="oc-71"/>
      </symbol>
      <symbol id="sm-ab3">
         <name>__TI_int32</name>
         <value>0xffc0</value>
         <object_component_ref idref="oc-72"/>
      </symbol>
      <symbol id="sm-ab7">
         <name>__TI_int33</name>
         <value>0xffc2</value>
         <object_component_ref idref="oc-73"/>
      </symbol>
      <symbol id="sm-abb">
         <name>__TI_int34</name>
         <value>0xffc4</value>
         <object_component_ref idref="oc-74"/>
      </symbol>
      <symbol id="sm-abf">
         <name>__TI_int35</name>
         <value>0xffc6</value>
         <object_component_ref idref="oc-75"/>
      </symbol>
      <symbol id="sm-ac3">
         <name>__TI_int36</name>
         <value>0xffc8</value>
         <object_component_ref idref="oc-76"/>
      </symbol>
      <symbol id="sm-ac7">
         <name>__TI_int37</name>
         <value>0xffca</value>
         <object_component_ref idref="oc-77"/>
      </symbol>
      <symbol id="sm-acb">
         <name>__TI_int38</name>
         <value>0xffcc</value>
         <object_component_ref idref="oc-78"/>
      </symbol>
      <symbol id="sm-acf">
         <name>__TI_int39</name>
         <value>0xffce</value>
         <object_component_ref idref="oc-79"/>
      </symbol>
      <symbol id="sm-ad3">
         <name>__TI_int40</name>
         <value>0xffd0</value>
         <object_component_ref idref="oc-7a"/>
      </symbol>
      <symbol id="sm-ad7">
         <name>__TI_int41</name>
         <value>0xffd2</value>
         <object_component_ref idref="oc-7b"/>
      </symbol>
      <symbol id="sm-adb">
         <name>__TI_int43</name>
         <value>0xffd6</value>
         <object_component_ref idref="oc-7d"/>
      </symbol>
      <symbol id="sm-adf">
         <name>__TI_int45</name>
         <value>0xffda</value>
         <object_component_ref idref="oc-7f"/>
      </symbol>
      <symbol id="sm-ae3">
         <name>__TI_int46</name>
         <value>0xffdc</value>
         <object_component_ref idref="oc-80"/>
      </symbol>
      <symbol id="sm-ae7">
         <name>__TI_int48</name>
         <value>0xffe0</value>
         <object_component_ref idref="oc-82"/>
      </symbol>
      <symbol id="sm-aeb">
         <name>__TI_int49</name>
         <value>0xffe2</value>
         <object_component_ref idref="oc-83"/>
      </symbol>
      <symbol id="sm-aef">
         <name>__TI_int50</name>
         <value>0xffe4</value>
         <object_component_ref idref="oc-84"/>
      </symbol>
      <symbol id="sm-af3">
         <name>__TI_int52</name>
         <value>0xffe8</value>
         <object_component_ref idref="oc-86"/>
      </symbol>
      <symbol id="sm-af7">
         <name>__TI_int53</name>
         <value>0xffea</value>
         <object_component_ref idref="oc-87"/>
      </symbol>
      <symbol id="sm-afb">
         <name>__TI_int55</name>
         <value>0xffee</value>
         <object_component_ref idref="oc-89"/>
      </symbol>
      <symbol id="sm-aff">
         <name>__TI_int56</name>
         <value>0xfff0</value>
         <object_component_ref idref="oc-8a"/>
      </symbol>
      <symbol id="sm-b03">
         <name>__TI_int58</name>
         <value>0xfff4</value>
         <object_component_ref idref="oc-8c"/>
      </symbol>
      <symbol id="sm-b07">
         <name>__TI_int59</name>
         <value>0xfff6</value>
         <object_component_ref idref="oc-8d"/>
      </symbol>
      <symbol id="sm-b0b">
         <name>__TI_int60</name>
         <value>0xfff8</value>
         <object_component_ref idref="oc-8e"/>
      </symbol>
      <symbol id="sm-b0f">
         <name>__TI_int61</name>
         <value>0xfffa</value>
         <object_component_ref idref="oc-8f"/>
      </symbol>
      <symbol id="sm-b13">
         <name>__TI_int62</name>
         <value>0xfffc</value>
         <object_component_ref idref="oc-90"/>
      </symbol>
      <symbol id="sm-b1f">
         <name>__TI_ISR_TRAP</name>
         <value>0x466e</value>
         <object_component_ref idref="oc-1b5"/>
      </symbol>
   </symbol_table>
   <title>Link successful</title>
</link_info>
